Archive member included to satisfy reference by file (symbol)

app/libapp.a(main.c.obj)      (--whole-archive)
app/libapp.a(resources.c.obj)
                              (--whole-archive)
zephyr/libzephyr.a(heap.c.obj)
                              (--whole-archive)
zephyr/libzephyr.a(cbprintf_packaged.c.obj)
                              (--whole-archive)
zephyr/libzephyr.a(clock.c.obj)
                              (--whole-archive)
zephyr/libzephyr.a(printk.c.obj)
                              (--whole-archive)
zephyr/libzephyr.a(sem.c.obj)
                              (--whole-archive)
zephyr/libzephyr.a(thread_entry.c.obj)
                              (--whole-archive)
zephyr/libzephyr.a(fdtable.c.obj)
                              (--whole-archive)
zephyr/libzephyr.a(cbprintf_complete.c.obj)
                              (--whole-archive)
zephyr/libzephyr.a(assert.c.obj)
                              (--whole-archive)
zephyr/libzephyr.a(dec.c.obj)
                              (--whole-archive)
zephyr/libzephyr.a(hex.c.obj)
                              (--whole-archive)
zephyr/libzephyr.a(rb.c.obj)  (--whole-archive)
zephyr/libzephyr.a(timeutil.c.obj)
                              (--whole-archive)
zephyr/libzephyr.a(bitarray.c.obj)
                              (--whole-archive)
zephyr/libzephyr.a(ring_buffer.c.obj)
                              (--whole-archive)
zephyr/libzephyr.a(last_section_id.c.obj)
                              (--whole-archive)
zephyr/libzephyr.a(configs.c.obj)
                              (--whole-archive)
zephyr/libzephyr.a(soc_port.c.obj)
                              (--whole-archive)
zephyr/libzephyr.a(soc_samd5x.c.obj)
                              (--whole-archive)
zephyr/libzephyr.a(thread_info.c.obj)
                              (--whole-archive)
zephyr/libzephyr.a(thread_analyzer.c.obj)
                              (--whole-archive)
zephyr/libzephyr.a(log_core.c.obj)
                              (--whole-archive)
zephyr/libzephyr.a(log_mgmt.c.obj)
                              (--whole-archive)
zephyr/libzephyr.a(log_cache.c.obj)
                              (--whole-archive)
zephyr/libzephyr.a(log_msg.c.obj)
                              (--whole-archive)
zephyr/libzephyr.a(log_output.c.obj)
                              (--whole-archive)
zephyr/libzephyr.a(log_backend_uart.c.obj)
                              (--whole-archive)
zephyr/libzephyr.a(mem_attr.c.obj)
                              (--whole-archive)
zephyr/libzephyr.a(tracing_none.c.obj)
                              (--whole-archive)
zephyr/libzephyr.a(addr_utils.c.obj)
                              (--whole-archive)
zephyr/arch/common/libarch__common.a(sw_isr_common.c.obj)
                              (--whole-archive)
zephyr/arch/arch/arm/core/libarch__arm__core.a(fatal.c.obj)
                              (--whole-archive)
zephyr/arch/arch/arm/core/libarch__arm__core.a(nmi.c.obj)
                              (--whole-archive)
zephyr/arch/arch/arm/core/libarch__arm__core.a(nmi_on_reset.S.obj)
                              (--whole-archive)
zephyr/arch/arch/arm/core/libarch__arm__core.a(tls.c.obj)
                              (--whole-archive)
zephyr/arch/arch/arm/core/cortex_m/libarch__arm__core__cortex_m.a(exc_exit.c.obj)
                              (--whole-archive)
zephyr/arch/arch/arm/core/cortex_m/libarch__arm__core__cortex_m.a(fault.c.obj)
                              (--whole-archive)
zephyr/arch/arch/arm/core/cortex_m/libarch__arm__core__cortex_m.a(fault_s.S.obj)
                              (--whole-archive)
zephyr/arch/arch/arm/core/cortex_m/libarch__arm__core__cortex_m.a(fpu.c.obj)
                              (--whole-archive)
zephyr/arch/arch/arm/core/cortex_m/libarch__arm__core__cortex_m.a(reset.S.obj)
                              (--whole-archive)
zephyr/arch/arch/arm/core/cortex_m/libarch__arm__core__cortex_m.a(scb.c.obj)
                              (--whole-archive)
zephyr/arch/arch/arm/core/cortex_m/libarch__arm__core__cortex_m.a(thread_abort.c.obj)
                              (--whole-archive)
zephyr/arch/arch/arm/core/cortex_m/libarch__arm__core__cortex_m.a(vector_table.S.obj)
                              (--whole-archive)
zephyr/arch/arch/arm/core/cortex_m/libarch__arm__core__cortex_m.a(swap_helper.S.obj)
                              (--whole-archive)
zephyr/arch/arch/arm/core/cortex_m/libarch__arm__core__cortex_m.a(irq_manage.c.obj)
                              (--whole-archive)
zephyr/arch/arch/arm/core/cortex_m/libarch__arm__core__cortex_m.a(prep_c.c.obj)
                              (--whole-archive)
zephyr/arch/arch/arm/core/cortex_m/libarch__arm__core__cortex_m.a(thread.c.obj)
                              (--whole-archive)
zephyr/arch/arch/arm/core/cortex_m/libarch__arm__core__cortex_m.a(cpu_idle.c.obj)
                              (--whole-archive)
zephyr/arch/arch/arm/core/cortex_m/libarch__arm__core__cortex_m.a(irq_init.c.obj)
[...]
Memory Configuration

Name             Origin             Length             Attributes
FLASH            0x0000000000000000 0x0000000000100000 xr
RAM              0x0000000020000000 0x0000000000040000 xw
IDT_LIST         0x00000000ffff7fff 0x0000000000008000 xw
*default*        0x0000000000000000 0xffffffffffffffff

Linker script and memory map

                0x000000000001cbe8                vfprintf = __l_vfprintf
                0x0000000000000000                vfscanf = __l_vfscanf
LOAD zephyr/CMakeFiles/zephyr_final.dir/misc/empty_file.c.obj
LOAD zephyr/CMakeFiles/zephyr_final.dir/isr_tables.c.obj
LOAD zephyr/CMakeFiles/offsets.dir/./arch/arm/core/offsets/offsets.c.obj
LOAD app/libapp.a
LOAD zephyr/libzephyr.a
LOAD zephyr/arch/common/libarch__common.a
LOAD zephyr/arch/arch/arm/core/libarch__arm__core.a
LOAD zephyr/arch/arch/arm/core/cortex_m/libarch__arm__core__cortex_m.a
LOAD zephyr/arch/arch/arm/core/mpu/libarch__arm__core__mpu.a
LOAD zephyr/lib/libc/picolibc/liblib__libc__picolibc.a
LOAD zephyr/lib/libc/common/liblib__libc__common.a
LOAD zephyr/lib/posix/options/liblib__posix__options.a
LOAD zephyr/lib/net_buf/liblib__net_buf.a
LOAD zephyr/lib/os/zvfs/liblib__os__zvfs.a
LOAD zephyr/subsys/random/libsubsys__random.a
LOAD zephyr/subsys/net/libsubsys__net.a
LOAD zephyr/subsys/net/l2/ethernet/libsubsys__net__l2__ethernet.a
LOAD zephyr/subsys/net/ip/libsubsys__net__ip.a
LOAD zephyr/subsys/net/lib/config/libsubsys__net__lib__config.a
LOAD zephyr/subsys/net/lib/http/libsubsys__net__lib__http.a
LOAD zephyr/drivers/interrupt_controller/libdrivers__interrupt_controller.a
LOAD zephyr/drivers/console/libdrivers__console.a
LOAD zephyr/drivers/entropy/libdrivers__entropy.a
LOAD zephyr/drivers/ethernet/libdrivers__ethernet.a
LOAD zephyr/drivers/gpio/libdrivers__gpio.a
LOAD zephyr/drivers/i2c/libdrivers__i2c.a
LOAD zephyr/drivers/mdio/libdrivers__mdio.a
LOAD zephyr/drivers/pinctrl/libdrivers__pinctrl.a
LOAD zephyr/drivers/serial/libdrivers__serial.a
LOAD zephyr/drivers/timer/libdrivers__timer.a
LOAD zephyr/kernel/libkernel.a
LOAD zephyr/arch/common/libisr_tables.a
LOAD /home/shikhar/zephyr-sdk-0.17.2/arm-zephyr-eabi/bin/../lib/gcc/../../picolibc/arm-zephyr-eabi/lib/thumb/v7e-m/nofp/libc.a
LOAD /home/shikhar/zephyr-sdk-0.17.2/arm-zephyr-eabi/bin/../lib/gcc/arm-zephyr-eabi/12.2.0/thumb/v7e-m/nofp/libgcc.a
                0x0000000000000020                _region_min_align = 0x20

.rel.plt        0x0000000000000000        0x0
 *(SORT_BY_ALIGNMENT(.rel.plt))
                [!provide]                        PROVIDE (__rel_iplt_start = .)
 *(SORT_BY_ALIGNMENT(.rel.iplt))
 .rel.iplt      0x0000000000000000        0x0 zephyr/CMakeFiles/zephyr_final.dir/isr_tables.c.obj
                [!provide]                        PROVIDE (__rel_iplt_end = .)

.rela.plt       0x0000000000000000        0x0
 *(SORT_BY_ALIGNMENT(.rela.plt))
                [!provide]                        PROVIDE (__rela_iplt_start = .)
 *(SORT_BY_ALIGNMENT(.rela.iplt))
                [!provide]                        PROVIDE (__rela_iplt_end = .)

.rel.dyn
 *(SORT_BY_ALIGNMENT(.rel.*))

.rela.dyn
 *(SORT_BY_ALIGNMENT(.rela.*))

/DISCARD/
 *(SORT_BY_ALIGNMENT(.plt))

/DISCARD/
 *(SORT_BY_ALIGNMENT(.iplt))
                0x0000000000000000                __rom_region_start = 0x0

rom_start       0x0000000000000000      0x264
                0x0000000000000000                __rom_start_address = .
 FILL mask 0x00
                0x0000000000000000                . = (. + (0x0 - (. - __rom_start_address)))
                0x0000000000000000                . = ALIGN (0x4)
                0x0000000000000000                . = ALIGN (0x80)
                0x0000000000000000                . = ALIGN (0x400)
                0x0000000000000000                _vector_start = .
 *(SORT_BY_ALIGNMENT(.exc_vector_table))
 *(SORT_BY_ALIGNMENT(.exc_vector_table.*))
 .exc_vector_table._vector_table_section
                0x0000000000000000       0x40 zephyr/arch/arch/arm/core/cortex_m/libarch__arm__core__cortex_m.a(vector_table.S.obj)
                0x0000000000000000                _vector_table
 *(SORT_BY_ALIGNMENT(.vectors))
                0x0000000000000264                _vector_end = .
                0x0000000000000040                . = ALIGN (0x4)
 *(SORT_BY_ALIGNMENT(.gnu.linkonce.irq_vector_table*))
 .gnu.linkonce.irq_vector_table
                0x0000000000000040      0x224 zephyr/CMakeFiles/zephyr_final.dir/isr_tables.c.obj
                0x0000000000000040                _irq_vector_table
                0x0000000000000264                _vector_end = .

text            0x0000000000000270    0x232fc
                0x0000000000000270                __text_region_start = .
 *(SORT_BY_ALIGNMENT(.text))
 .text          0x0000000000000270       0xa0 /home/shikhar/zephyr-sdk-0.17.2/arm-zephyr-eabi/bin/../lib/gcc/../../picolibc/arm-zephyr-eabi/lib/thumb/v7e-m/nofp/libc.a(memchr.S.o)
                0x0000000000000270                memchr
 .text          0x0000000000000310      0x168 /home/shikhar/zephyr-sdk-0.17.2/arm-zephyr-eabi/bin/../lib/gcc/arm-zephyr-eabi/12.2.0/thumb/v7e-m/nofp/libgcc.a(_arm_mulsf3.o)
                0x0000000000000310                __mulsf3
                0x0000000000000310                __aeabi_fmul
 .text          0x0000000000000478      0x21c /home/shikhar/zephyr-sdk-0.17.2/arm-zephyr-eabi/bin/../lib/gcc/arm-zephyr-eabi/12.2.0/thumb/v7e-m/nofp/libgcc.a(_arm_addsubsf3.o)
                0x0000000000000478                __aeabi_frsub
                0x0000000000000480                __subsf3
                0x0000000000000480                __aeabi_fsub
                0x0000000000000484                __aeabi_fadd
                0x0000000000000484                __addsf3
                0x00000000000005e4                __aeabi_ui2f
                0x00000000000005e4                __floatunsisf
                0x00000000000005ec                __aeabi_i2f
                0x00000000000005ec                __floatsisf
                0x0000000000000608                __floatundisf
                0x0000000000000608                __aeabi_ul2f
                0x0000000000000618                __floatdisf
                0x0000000000000618                __aeabi_l2f
 .text          0x0000000000000694       0x4c /home/shikhar/zephyr-sdk-0.17.2/arm-zephyr-eabi/bin/../lib/gcc/arm-zephyr-eabi/12.2.0/thumb/v7e-m/nofp/libgcc.a(_arm_fixsfsi.o)
                0x0000000000000694                __fixsfsi
                0x0000000000000694                __aeabi_f2iz
 .text          0x00000000000006e0       0xa0 /home/shikhar/zephyr-sdk-0.17.2/arm-zephyr-eabi/bin/../lib/gcc/arm-zephyr-eabi/12.2.0/thumb/v7e-m/nofp/libgcc.a(_aeabi_ldivmod.o)
                0x00000000000006e0                __aeabi_ldivmod
 .text          0x0000000000000780       0x30 /home/shikhar/zephyr-sdk-0.17.2/arm-zephyr-eabi/bin/../lib/gcc/arm-zephyr-eabi/12.2.0/thumb/v7e-m/nofp/libgcc.a(_aeabi_uldivmod.o)
                0x0000000000000780                __aeabi_uldivmod
 .text          0x00000000000007b0        0x4 /home/shikhar/zephyr-sdk-0.17.2/arm-zephyr-eabi/bin/../lib/gcc/arm-zephyr-eabi/12.2.0/thumb/v7e-m/nofp/libgcc.a(_dvmd_tls.o)
                0x00000000000007b0                __aeabi_ldiv0
                0x00000000000007b0                __aeabi_idiv0
 .text          0x00000000000007b4       0x10 /home/shikhar/zephyr-sdk-0.17.2/arm-zephyr-eabi/bin/../lib/gcc/../../picolibc/arm-zephyr-eabi/lib/thumb/v7e-m/nofp/libc.a(strlen.S.o)
                0x00000000000007b4                strlen
 .text          0x00000000000007c4      0x2a0 /home/shikhar/zephyr-sdk-0.17.2/arm-zephyr-eabi/bin/../lib/gcc/arm-zephyr-eabi/12.2.0/thumb/v7e-m/nofp/libgcc.a(_udivmoddi4.o)
                0x00000000000007c4                __udivmoddi4
 *(SORT_BY_ALIGNMENT(.text.*))
 *fill*         0x0000000000000a64        0x4 
 .text.uart_sam0_init
                0x0000000000000a68       0xe4 zephyr/drivers/serial/libdrivers__serial.a(uart_sam0.c.obj)
 *fill*         0x0000000000000b4c        0x4 
 .text.uart_sam0_configure
                0x0000000000000b50      0x10c zephyr/drivers/serial/libdrivers__serial.a(uart_sam0.c.obj)
 .text.main     0x0000000000000c5c      0x28c app/libapp.a(main.c.obj)
                0x0000000000000c5c                main
 .text.temp_handler
                0x0000000000000ee8       0x38 app/libapp.a(resources.c.obj)
                0x0000000000000ee8                temp_handler
 .text.sys_heap_free
                0x0000000000000f20       0x8c zephyr/libzephyr.a(heap.c.obj)
                0x0000000000000f20                sys_heap_free
 .text.sys_heap_init
                0x0000000000000fac      0x11c zephyr/libzephyr.a(heap.c.obj)
                0x0000000000000fac                sys_heap_init
 .text.cbvprintf_package
                0x00000000000010c8      0x438 zephyr/libzephyr.a(cbprintf_packaged.c.obj)
                0x00000000000010c8                cbvprintf_package
 .text.__printk_hook_install
                0x0000000000001500        0xc zephyr/libzephyr.a(printk.c.obj)
                0x0000000000001500                __printk_hook_install
 .text.z_thread_entry
                0x000000000000150c       0x34 zephyr/libzephyr.a(thread_entry.c.obj)
                0x000000000000150c                z_thread_entry
 .text._check_fd
                0x0000000000001540       0x38 zephyr/libzephyr.a(fdtable.c.obj)
 .text.z_fd_unref.isra.0
                0x0000000000001578       0x4c zephyr/libzephyr.a(fdtable.c.obj)
 .text.zvfs_get_fd_obj
                0x00000000000015c4       0x3c zephyr/libzephyr.a(fdtable.c.obj)
                0x00000000000015c4                zvfs_get_fd_obj
 .text.zvfs_get_obj_lock_and_cond
                0x0000000000001600       0x70 zephyr/libzephyr.a(fdtable.c.obj)
                0x0000000000001600                zvfs_get_obj_lock_and_cond
 .text.zvfs_get_fd_obj_and_vtable
                0x0000000000001670       0x34 zephyr/libzephyr.a(fdtable.c.obj)
                0x0000000000001670                zvfs_get_fd_obj_and_vtable
 .text.zvfs_reserve_fd
                0x00000000000016a4       0x8c zephyr/libzephyr.a(fdtable.c.obj)
                0x00000000000016a4                zvfs_reserve_fd
 .text.zvfs_finalize_typed_fd
                0x0000000000001730       0x50 zephyr/libzephyr.a(fdtable.c.obj)
                0x0000000000001730                zvfs_finalize_typed_fd
 .text.zvfs_close
                0x0000000000001780       0x60 zephyr/libzephyr.a(fdtable.c.obj)
                0x0000000000001780                zvfs_close
 .text.match_region
                0x00000000000017e0       0xa8 zephyr/libzephyr.a(bitarray.c.obj)
 .text.sys_bitarray_alloc
                0x0000000000001888      0x150 zephyr/libzephyr.a(bitarray.c.obj)
                0x0000000000001888                sys_bitarray_alloc
 .text.sys_bitarray_free
                0x00000000000019d8      0x114 zephyr/libzephyr.a(bitarray.c.obj)
                0x00000000000019d8                sys_bitarray_free
 .text.soc_reset_hook
                0x0000000000001aec       0xbc zephyr/libzephyr.a(soc_samd5x.c.obj)
                0x0000000000001aec                soc_reset_hook
 .text.thread_print_cb
                0x0000000000001ba8       0x40 zephyr/libzephyr.a(thread_analyzer.c.obj)
 .text.thread_analyze_cb
                0x0000000000001be8       0x8c zephyr/libzephyr.a(thread_analyzer.c.obj)
 .text.thread_analyzer_run
                0x0000000000001c74       0x54 zephyr/libzephyr.a(thread_analyzer.c.obj)
                0x0000000000001c74                thread_analyzer_run
 .text.thread_analyzer_print
                0x0000000000001cc8       0x20 zephyr/libzephyr.a(thread_analyzer.c.obj)
                0x0000000000001cc8                thread_analyzer_print
 .text.thread_analyzer_auto
                0x0000000000001ce8       0x1c zephyr/libzephyr.a(thread_analyzer.c.obj)
                0x0000000000001ce8                thread_analyzer_auto
 .text.z_log_init.isra.0
                0x0000000000001d04      0x128 zephyr/libzephyr.a(log_core.c.obj)
 .text.log_format_func_t_get
                0x0000000000001e2c        0xc zephyr/libzephyr.a(log_core.c.obj)
                0x0000000000001e2c                log_format_func_t_get
 .text.log_set_timestamp_func
                0x0000000000001e38       0x20 zephyr/libzephyr.a(log_core.c.obj)
                0x0000000000001e38                log_set_timestamp_func
 .text.log_core_init
                0x0000000000001e58       0x7c zephyr/libzephyr.a(log_core.c.obj)
                0x0000000000001e58                log_core_init
 .text.z_impl_log_panic
                0x0000000000001ed4       0x6c zephyr/libzephyr.a(log_core.c.obj)
                0x0000000000001ed4                z_impl_log_panic
 .text.z_log_dropped
                0x0000000000001f40       0x30 zephyr/libzephyr.a(log_core.c.obj)
                0x0000000000001f40                z_log_dropped
 .text.z_log_msg_commit
                0x0000000000001f70       0x68 zephyr/libzephyr.a(log_core.c.obj)
                0x0000000000001f70                z_log_msg_commit
 .text.log_source_name_get
                0x0000000000001fd8       0x1c zephyr/libzephyr.a(log_mgmt.c.obj)
                0x0000000000001fd8                log_source_name_get
 .text.z_log_msg_runtime_vcreate
                0x0000000000001ff4       0xec zephyr/libzephyr.a(log_msg.c.obj)
                0x0000000000001ff4                z_log_msg_runtime_vcreate
 .text.log_msg_get_source_id
                0x00000000000020e0       0x18 zephyr/libzephyr.a(log_msg.c.obj)
                0x00000000000020e0                log_msg_get_source_id
 .text.print_formatted
                0x00000000000020f8       0x24 zephyr/libzephyr.a(log_output.c.obj)
 .text.newline_print
                0x000000000000211c       0x1c zephyr/libzephyr.a(log_output.c.obj)
 .text.log_output_process
                0x0000000000002138      0x324 zephyr/libzephyr.a(log_output.c.obj)
                0x0000000000002138                log_output_process
 .text.log_output_timestamp_freq_set
                0x000000000000245c       0x2c zephyr/libzephyr.a(log_output.c.obj)
                0x000000000000245c                log_output_timestamp_freq_set
 .text.char_out
                0x0000000000002488       0x24 zephyr/libzephyr.a(log_backend_uart.c.obj)
 .text.log_backend_uart_init
                0x00000000000024ac       0x3c zephyr/libzephyr.a(log_backend_uart.c.obj)
 .text.mem_attr_get_regions
                0x00000000000024e8        0xc zephyr/libzephyr.a(mem_attr.c.obj)
                0x00000000000024e8                mem_attr_get_regions
 .text.z_arm_fatal_error
                0x00000000000024f4       0xc4 zephyr/arch/arch/arm/core/libarch__arm__core.a(fatal.c.obj)
                0x00000000000024f4                z_arm_fatal_error
 .text.z_SysNmiOnReset
                0x00000000000025b8        0x8 zephyr/arch/arch/arm/core/libarch__arm__core.a(nmi_on_reset.S.obj)
                0x00000000000025b8                z_SysNmiOnReset
 .text.arch_tls_stack_setup
                0x00000000000025c0       0x40 zephyr/arch/arch/arm/core/libarch__arm__core.a(tls.c.obj)
                0x00000000000025c0                arch_tls_stack_setup
 .text._HandlerModeExit
                0x0000000000002600       0x20 zephyr/arch/arch/arm/core/cortex_m/libarch__arm__core__cortex_m.a(exc_exit.c.obj)
                0x0000000000002600                z_arm_exc_exit
                0x0000000000002600                z_arm_int_exit
 .text.bus_fault.constprop.0
                0x0000000000002620      0x13c zephyr/arch/arch/arm/core/cortex_m/libarch__arm__core__cortex_m.a(fault.c.obj)
 .text.usage_fault.constprop.0
                0x000000000000275c      0x108 zephyr/arch/arch/arm/core/cortex_m/libarch__arm__core__cortex_m.a(fault.c.obj)
 .text.mem_manage_fault
                0x0000000000002864      0x198 zephyr/arch/arch/arm/core/cortex_m/libarch__arm__core__cortex_m.a(fault.c.obj)
 .text.z_arm_fault
                0x00000000000029fc      0x278 zephyr/arch/arch/arm/core/cortex_m/libarch__arm__core__cortex_m.a(fault.c.obj)
                0x00000000000029fc                z_arm_fault
 .text.z_arm_fault_init
                0x0000000000002c74       0x18 zephyr/arch/arch/arm/core/cortex_m/libarch__arm__core__cortex_m.a(fault.c.obj)
                0x0000000000002c74                z_arm_fault_init
 .text.__fault  0x0000000000002c8c       0x14 zephyr/arch/arch/arm/core/cortex_m/libarch__arm__core__cortex_m.a(fault_s.S.obj)
                0x0000000000002c8c                z_arm_bus_fault
                0x0000000000002c8c                z_arm_usage_fault
                0x0000000000002c8c                z_arm_mpu_fault
                0x0000000000002c8c                z_arm_exc_spurious
                0x0000000000002c8c                z_arm_debug_monitor
                0x0000000000002c8c                z_arm_hard_fault
 .text._reset_section
                0x0000000000002ca0       0x50 zephyr/arch/arch/arm/core/cortex_m/libarch__arm__core__cortex_m.a(reset.S.obj)
                0x0000000000002ca0                z_arm_reset
                0x0000000000002ca0                __start
 .text.z_impl_k_thread_abort
                0x0000000000002cf0       0x2c zephyr/arch/arch/arm/core/cortex_m/libarch__arm__core__cortex_m.a(thread_abort.c.obj)
                0x0000000000002cf0                z_impl_k_thread_abort
 .text.z_arm_pendsv
                0x0000000000002d1c       0x78 zephyr/arch/arch/arm/core/cortex_m/libarch__arm__core__cortex_m.a(swap_helper.S.obj)
                0x0000000000002d1c                z_arm_pendsv
 .text.z_arm_svc
                0x0000000000002d94       0x24 zephyr/arch/arch/arm/core/cortex_m/libarch__arm__core__cortex_m.a(swap_helper.S.obj)
                0x0000000000002d94                z_arm_svc
 .text.arm_irq_enable
                0x0000000000002db8       0x1c zephyr/arch/arch/arm/core/cortex_m/libarch__arm__core__cortex_m.a(irq_manage.c.obj)
                0x0000000000002db8                arm_irq_enable
 .text.arm_irq_priority_set
                0x0000000000002dd4       0x68 zephyr/arch/arch/arm/core/cortex_m/libarch__arm__core__cortex_m.a(irq_manage.c.obj)
                0x0000000000002dd4                arm_irq_priority_set
 .text.relocate_vector_table
                0x0000000000002e3c       0x1c zephyr/arch/arch/arm/core/cortex_m/libarch__arm__core__cortex_m.a(prep_c.c.obj)
                0x0000000000002e3c                relocate_vector_table
 .text.z_prep_c
                0x0000000000002e58       0x38 zephyr/arch/arch/arm/core/cortex_m/libarch__arm__core__cortex_m.a(prep_c.c.obj)
                0x0000000000002e58                z_prep_c
 .text.arch_new_thread
                0x0000000000002e90       0x38 zephyr/arch/arch/arm/core/cortex_m/libarch__arm__core__cortex_m.a(thread.c.obj)
                0x0000000000002e90                arch_new_thread
 .text.z_check_thread_stack_fail
                0x0000000000002ec8       0x30 zephyr/arch/arch/arm/core/cortex_m/libarch__arm__core__cortex_m.a(thread.c.obj)
                0x0000000000002ec8                z_check_thread_stack_fail
 .text.arch_switch_to_main_thread
                0x0000000000002ef8       0x48 zephyr/arch/arch/arm/core/cortex_m/libarch__arm__core__cortex_m.a(thread.c.obj)
                0x0000000000002ef8                arch_switch_to_main_thread
 .text.z_arm_cpu_idle_init
                0x0000000000002f40        0xc zephyr/arch/arch/arm/core/cortex_m/libarch__arm__core__cortex_m.a(cpu_idle.c.obj)
                0x0000000000002f40                z_arm_cpu_idle_init
 .text.z_arm_interrupt_init
                0x0000000000002f4c       0x18 zephyr/arch/arch/arm/core/cortex_m/libarch__arm__core__cortex_m.a(irq_init.c.obj)
                0x0000000000002f4c                z_arm_interrupt_init
 .text._isr_wrapper
                0x0000000000002f64       0x24 zephyr/arch/arch/arm/core/cortex_m/libarch__arm__core__cortex_m.a(isr_wrapper.c.obj)
                0x0000000000002f64                _isr_wrapper
 .text.z_arm_configure_static_mpu_regions
                0x0000000000002f88       0x18 zephyr/arch/arch/arm/core/mpu/libarch__arm__core__mpu.a(arm_core_mpu.c.obj)
                0x0000000000002f88                z_arm_configure_static_mpu_regions
 .text.z_arm_configure_dynamic_mpu_regions
                0x0000000000002fa0       0x24 zephyr/arch/arch/arm/core/mpu/libarch__arm__core__mpu.a(arm_core_mpu.c.obj)
                0x0000000000002fa0                z_arm_configure_dynamic_mpu_regions
 .text.region_allocate_and_init
                0x0000000000002fc4       0x60 zephyr/arch/arch/arm/core/mpu/libarch__arm__core__mpu.a(arm_mpu.c.obj)
 .text.mpu_configure_regions
                0x0000000000003024       0x74 zephyr/arch/arch/arm/core/mpu/libarch__arm__core__mpu.a(arm_mpu.c.obj)
 .text.arm_core_mpu_enable
                0x0000000000003098       0x18 zephyr/arch/arch/arm/core/mpu/libarch__arm__core__mpu.a(arm_mpu.c.obj)
                0x0000000000003098                arm_core_mpu_enable
 .text.arm_core_mpu_disable
                0x00000000000030b0       0x14 zephyr/arch/arch/arm/core/mpu/libarch__arm__core__mpu.a(arm_mpu.c.obj)
                0x00000000000030b0                arm_core_mpu_disable
 .text.arm_core_mpu_configure_static_mpu_regions
                0x00000000000030c4       0x4c zephyr/arch/arch/arm/core/mpu/libarch__arm__core__mpu.a(arm_mpu.c.obj)
                0x00000000000030c4                arm_core_mpu_configure_static_mpu_regions
 .text.arm_core_mpu_configure_dynamic_mpu_regions
                0x0000000000003110       0x6c zephyr/arch/arch/arm/core/mpu/libarch__arm__core__mpu.a(arm_mpu.c.obj)
                0x0000000000003110                arm_core_mpu_configure_dynamic_mpu_regions
 .text.z_arm_mpu_init
                0x000000000000317c      0x230 zephyr/arch/arch/arm/core/mpu/libarch__arm__core__mpu.a(arm_mpu.c.obj)
                0x000000000000317c                z_arm_mpu_init
 .text.cbvprintf
                0x00000000000033ac       0x38 zephyr/lib/libc/picolibc/liblib__libc__picolibc.a(cbprintf.c.obj)
                0x00000000000033ac                cbvprintf
 .text.z_impl_zephyr_fputc
                0x00000000000033e4       0x10 zephyr/lib/libc/picolibc/liblib__libc__picolibc.a(stdio.c.obj)
                0x00000000000033e4                z_impl_zephyr_fputc
 .text.__stdout_hook_install
                0x00000000000033f4       0x18 zephyr/lib/libc/picolibc/liblib__libc__picolibc.a(stdio.c.obj)
                0x00000000000033f4                __stdout_hook_install
 .text.malloc_prepare
                0x000000000000340c       0x24 zephyr/lib/libc/common/liblib__libc__common.a(malloc.c.obj)
 .text.net_buf_destroy
                0x0000000000003430       0x38 zephyr/lib/net_buf/liblib__net_buf.a(buf.c.obj)
 .text.net_buf_id
                0x0000000000003468       0x24 zephyr/lib/net_buf/liblib__net_buf.a(buf.c.obj)
                0x0000000000003468                net_buf_id
 .text.fixed_data_alloc
                0x000000000000348c       0x24 zephyr/lib/net_buf/liblib__net_buf.a(buf.c.obj)
 .text.net_buf_reset
                0x00000000000034b0       0x48 zephyr/lib/net_buf/liblib__net_buf.a(buf.c.obj)
                0x00000000000034b0                net_buf_reset
 .text.net_buf_alloc_len
                0x00000000000034f8      0x1c4 zephyr/lib/net_buf/liblib__net_buf.a(buf.c.obj)
                0x00000000000034f8                net_buf_alloc_len
 .text.net_buf_unref
                0x00000000000036bc       0x5c zephyr/lib/net_buf/liblib__net_buf.a(buf.c.obj)
                0x00000000000036bc                net_buf_unref
 .text.net_buf_ref
                0x0000000000003718       0x30 zephyr/lib/net_buf/liblib__net_buf.a(buf.c.obj)
                0x0000000000003718                net_buf_ref
 .text.net_buf_frag_last
                0x0000000000003748       0x34 zephyr/lib/net_buf/liblib__net_buf.a(buf.c.obj)
                0x0000000000003748                net_buf_frag_last
 .text.net_buf_frag_insert
                0x000000000000377c       0x58 zephyr/lib/net_buf/liblib__net_buf.a(buf.c.obj)
                0x000000000000377c                net_buf_frag_insert
 .text.net_buf_frag_add
                0x00000000000037d4       0x48 zephyr/lib/net_buf/liblib__net_buf.a(buf.c.obj)
                0x00000000000037d4                net_buf_frag_add
 .text.net_buf_simple_reserve
                0x000000000000381c       0x44 zephyr/lib/net_buf/liblib__net_buf.a(buf_simple.c.obj)
                0x000000000000381c                net_buf_simple_reserve
 .text.net_buf_simple_pull
                0x0000000000003860       0x3c zephyr/lib/net_buf/liblib__net_buf.a(buf_simple.c.obj)
                0x0000000000003860                net_buf_simple_pull
 .text.net_buf_simple_pull_mem
                0x000000000000389c       0x3c zephyr/lib/net_buf/liblib__net_buf.a(buf_simple.c.obj)
                0x000000000000389c                net_buf_simple_pull_mem
 .text.net_buf_simple_add
                0x00000000000038d8       0x3c zephyr/lib/net_buf/liblib__net_buf.a(buf_simple.c.obj)
                0x00000000000038d8                net_buf_simple_add
 .text.zvfs_eventfd_ioctl_op
                0x0000000000003914      0x1ac zephyr/lib/os/zvfs/liblib__os__zvfs.a(zvfs_eventfd.c.obj)
 .text.zvfs_eventfd_rw_op
                0x0000000000003ac0      0x2b4 zephyr/lib/os/zvfs/liblib__os__zvfs.a(zvfs_eventfd.c.obj)
 .text.zvfs_eventfd_write_op
                0x0000000000003d74        0xc zephyr/lib/os/zvfs/liblib__os__zvfs.a(zvfs_eventfd.c.obj)
 .text.zvfs_eventfd_read_op
                0x0000000000003d80        0xc zephyr/lib/os/zvfs/liblib__os__zvfs.a(zvfs_eventfd.c.obj)
 .text.zvfs_eventfd_close_op
                0x0000000000003d8c      0x1ec zephyr/lib/os/zvfs/liblib__os__zvfs.a(zvfs_eventfd.c.obj)
 .text.zvfs_eventfd
                0x0000000000003f78       0xb0 zephyr/lib/os/zvfs/liblib__os__zvfs.a(zvfs_eventfd.c.obj)
                0x0000000000003f78                zvfs_eventfd
 .text.zvfs_eventfd_read
                0x0000000000004028       0x58 zephyr/lib/os/zvfs/liblib__os__zvfs.a(zvfs_eventfd.c.obj)
                0x0000000000004028                zvfs_eventfd_read
 .text.zvfs_poll_internal
                0x0000000000004080      0x200 zephyr/lib/os/zvfs/liblib__os__zvfs.a(zvfs_poll.c.obj)
                0x0000000000004080                zvfs_poll_internal
 .text.rand_get
                0x0000000000004280       0xa4 zephyr/subsys/random/libsubsys__random.a(random_entropy_device.c.obj)
 .text.z_impl_zsock_socket
                0x0000000000004324       0xb0 zephyr/subsys/net/libsubsys__net.a(sockets.c.obj)
                0x0000000000004324                z_impl_zsock_socket
 .text.z_impl_zsock_shutdown
                0x00000000000043d4       0x54 zephyr/subsys/net/libsubsys__net.a(sockets.c.obj)
                0x00000000000043d4                z_impl_zsock_shutdown
 .text.z_impl_zsock_bind
                0x0000000000004428       0x58 zephyr/subsys/net/libsubsys__net.a(sockets.c.obj)
                0x0000000000004428                z_impl_zsock_bind
 .text.z_impl_zsock_listen
                0x0000000000004480       0x54 zephyr/subsys/net/libsubsys__net.a(sockets.c.obj)
                0x0000000000004480                z_impl_zsock_listen
 .text.z_impl_zsock_accept
                0x00000000000044d4       0x58 zephyr/subsys/net/libsubsys__net.a(sockets.c.obj)
                0x00000000000044d4                z_impl_zsock_accept
 .text.z_impl_zsock_sendto
                0x000000000000452c       0x6c zephyr/subsys/net/libsubsys__net.a(sockets.c.obj)
                0x000000000000452c                z_impl_zsock_sendto
 .text.z_impl_zsock_recvfrom
                0x0000000000004598       0x6c zephyr/subsys/net/libsubsys__net.a(sockets.c.obj)
                0x0000000000004598                z_impl_zsock_recvfrom
 .text.z_impl_zsock_getsockopt
                0x0000000000004604       0x68 zephyr/subsys/net/libsubsys__net.a(sockets.c.obj)
                0x0000000000004604                z_impl_zsock_getsockopt
 .text.z_impl_zsock_setsockopt
                0x000000000000466c       0x68 zephyr/subsys/net/libsubsys__net.a(sockets.c.obj)
                0x000000000000466c                z_impl_zsock_setsockopt
 .text.z_impl_zsock_getsockname
                0x00000000000046d4       0x58 zephyr/subsys/net/libsubsys__net.a(sockets.c.obj)
                0x00000000000046d4                z_impl_zsock_getsockname
 .text.ipv6_multicast_group
                0x000000000000472c       0x70 zephyr/subsys/net/libsubsys__net.a(sockets_inet.c.obj)
 .text.net_context_get_type
                0x000000000000479c       0x3c zephyr/subsys/net/libsubsys__net.a(sockets_inet.c.obj)
 .text.net_context_get_state
                0x00000000000047d8       0x3c zephyr/subsys/net/libsubsys__net.a(sockets_inet.c.obj)
 .text.net_context_get_family
                0x0000000000004814       0x3c zephyr/subsys/net/libsubsys__net.a(sockets_inet.c.obj)
 .text.ipv4_multicast_group.constprop.0
                0x0000000000004850       0x50 zephyr/subsys/net/libsubsys__net.a(sockets_inet.c.obj)
 .text.z_log_msg_runtime_create.constprop.0
                0x00000000000048a0       0x24 zephyr/subsys/net/libsubsys__net.a(sockets_inet.c.obj)
 .text.net_context_get_iface.isra.0
                0x00000000000048c4       0x40 zephyr/subsys/net/libsubsys__net.a(sockets_inet.c.obj)
 .text.zsock_socket_internal
                0x0000000000004904       0x88 zephyr/subsys/net/libsubsys__net.a(sockets_inet.c.obj)
 .text.zsock_accepted_cb
                0x000000000000498c       0x4c zephyr/subsys/net/libsubsys__net.a(sockets_inet.c.obj)
 .text.send_check_and_wait
                0x00000000000049d8       0xfc zephyr/subsys/net/libsubsys__net.a(sockets_inet.c.obj)
 .text.sock_ioctl_vmeth
                0x0000000000004ad4      0x1d8 zephyr/subsys/net/libsubsys__net.a(sockets_inet.c.obj)
 .text.zsock_close_ctx
                0x0000000000004cac       0x58 zephyr/subsys/net/libsubsys__net.a(sockets_inet.c.obj)
                0x0000000000004cac                zsock_close_ctx
 .text.zsock_shutdown_ctx
                0x0000000000004d04       0x68 zephyr/subsys/net/libsubsys__net.a(sockets_inet.c.obj)
                0x0000000000004d04                zsock_shutdown_ctx
 .text.zsock_bind_ctx
                0x0000000000004d6c       0x50 zephyr/subsys/net/libsubsys__net.a(sockets_inet.c.obj)
                0x0000000000004d6c                zsock_bind_ctx
 .text.zsock_connect_ctx
                0x0000000000004dbc       0xdc zephyr/subsys/net/libsubsys__net.a(sockets_inet.c.obj)
                0x0000000000004dbc                zsock_connect_ctx
 .text.zsock_listen_ctx
                0x0000000000004e98       0x54 zephyr/subsys/net/libsubsys__net.a(sockets_inet.c.obj)
                0x0000000000004e98                zsock_listen_ctx
 .text.zsock_sendto_ctx
                0x0000000000004eec      0x104 zephyr/subsys/net/libsubsys__net.a(sockets_inet.c.obj)
                0x0000000000004eec                zsock_sendto_ctx
 .text.zsock_sendmsg_ctx
                0x0000000000004ff0       0xb4 zephyr/subsys/net/libsubsys__net.a(sockets_inet.c.obj)
                0x0000000000004ff0                zsock_sendmsg_ctx
 .text.zsock_wait_data
                0x00000000000050a4       0x58 zephyr/subsys/net/libsubsys__net.a(sockets_inet.c.obj)
                0x00000000000050a4                zsock_wait_data
 .text.zsock_accept_ctx
                0x00000000000050fc      0x128 zephyr/subsys/net/libsubsys__net.a(sockets_inet.c.obj)
                0x00000000000050fc                zsock_accept_ctx
 .text.zsock_recv_dgram
                0x0000000000005224      0x2f4 zephyr/subsys/net/libsubsys__net.a(sockets_inet.c.obj)
 .text.zsock_recv_stream
                0x0000000000005518      0x1b4 zephyr/subsys/net/libsubsys__net.a(sockets_inet.c.obj)
 .text.zsock_recvfrom_ctx
                0x00000000000056cc       0x84 zephyr/subsys/net/libsubsys__net.a(sockets_inet.c.obj)
                0x00000000000056cc                zsock_recvfrom_ctx
 .text.zsock_recvmsg_ctx
                0x0000000000005750       0xa8 zephyr/subsys/net/libsubsys__net.a(sockets_inet.c.obj)
                0x0000000000005750                zsock_recvmsg_ctx
 .text.zsock_getsockopt_ctx
                0x00000000000057f8      0x1d0 zephyr/subsys/net/libsubsys__net.a(sockets_inet.c.obj)
                0x00000000000057f8                zsock_getsockopt_ctx
 .text.zsock_setsockopt_ctx
                0x00000000000059c8      0x230 zephyr/subsys/net/libsubsys__net.a(sockets_inet.c.obj)
                0x00000000000059c8                zsock_setsockopt_ctx
 .text.zsock_getpeername_ctx
                0x0000000000005bf8       0xb4 zephyr/subsys/net/libsubsys__net.a(sockets_inet.c.obj)
                0x0000000000005bf8                zsock_getpeername_ctx
 .text.zsock_getsockname_ctx
                0x0000000000005cac       0x8c zephyr/subsys/net/libsubsys__net.a(sockets_inet.c.obj)
                0x0000000000005cac                zsock_getsockname_ctx
 .text.z_log_msg_runtime_create.constprop.0
                0x0000000000005d38       0x24 zephyr/subsys/net/l2/ethernet/libsubsys__net__l2__ethernet.a(ethernet.c.obj)
 .text.ethernet_recv
                0x0000000000005d5c      0x164 zephyr/subsys/net/l2/ethernet/libsubsys__net__l2__ethernet.a(ethernet.c.obj)
 .text.net_eth_broadcast_addr
                0x0000000000005ec0        0x8 zephyr/subsys/net/l2/ethernet/libsubsys__net__l2__ethernet.a(ethernet.c.obj)
                0x0000000000005ec0                net_eth_broadcast_addr
 .text.ethernet_mcast_monitor_cb
                0x0000000000005ec8       0x80 zephyr/subsys/net/l2/ethernet/libsubsys__net__l2__ethernet.a(ethernet.c.obj)
 .text.ethernet_send
                0x0000000000005f48      0x1f0 zephyr/subsys/net/l2/ethernet/libsubsys__net__l2__ethernet.a(ethernet.c.obj)
 .text.ethernet_init
                0x0000000000006138       0x58 zephyr/subsys/net/l2/ethernet/libsubsys__net__l2__ethernet.a(ethernet.c.obj)
                0x0000000000006138                ethernet_init
 .text.net_sprint_ll_addr
                0x0000000000006190        0xc zephyr/subsys/net/l2/ethernet/libsubsys__net__l2__ethernet.a(arp.c.obj)
 .text.arp_entry_cleanup
                0x000000000000619c       0xb4 zephyr/subsys/net/l2/ethernet/libsubsys__net__l2__ethernet.a(arp.c.obj)
 .text.arp_entry_get_last_from_table
                0x0000000000006250       0x28 zephyr/subsys/net/l2/ethernet/libsubsys__net__l2__ethernet.a(arp.c.obj)
 .text.arp_entry_find.isra.0
                0x0000000000006278       0xc4 zephyr/subsys/net/l2/ethernet/libsubsys__net__l2__ethernet.a(arp.c.obj)
 .text.arp_entry_find_pending
                0x000000000000633c       0x68 zephyr/subsys/net/l2/ethernet/libsubsys__net__l2__ethernet.a(arp.c.obj)
 .text.net_if_tx_unlock
                0x00000000000063a4       0x48 zephyr/subsys/net/l2/ethernet/libsubsys__net__l2__ethernet.a(arp.c.obj)
 .text.arp_request_timeout
                0x00000000000063ec       0xa8 zephyr/subsys/net/l2/ethernet/libsubsys__net__l2__ethernet.a(arp.c.obj)
 .text.net_arp_prepare
                0x0000000000006494      0x420 zephyr/subsys/net/l2/ethernet/libsubsys__net__l2__ethernet.a(arp.c.obj)
                0x0000000000006494                net_arp_prepare
 .text.net_arp_update
                0x00000000000068b4      0x2d0 zephyr/subsys/net/l2/ethernet/libsubsys__net__l2__ethernet.a(arp.c.obj)
                0x00000000000068b4                net_arp_update
 .text.net_arp_input
                0x0000000000006b84      0x3e8 zephyr/subsys/net/l2/ethernet/libsubsys__net__l2__ethernet.a(arp.c.obj)
                0x0000000000006b84                net_arp_input
 .text.arp_recv
                0x0000000000006f6c       0x70 zephyr/subsys/net/l2/ethernet/libsubsys__net__l2__ethernet.a(arp.c.obj)
 .text.net_arp_clear_cache
                0x0000000000006fdc      0x140 zephyr/subsys/net/l2/ethernet/libsubsys__net__l2__ethernet.a(arp.c.obj)
                0x0000000000006fdc                net_arp_clear_cache
 .text.net_arp_init
                0x000000000000711c       0x74 zephyr/subsys/net/l2/ethernet/libsubsys__net__l2__ethernet.a(arp.c.obj)
                0x000000000000711c                net_arp_init
 .text.net_ipv4_is_ll_addr_raw
                0x0000000000007190       0x18 zephyr/subsys/net/ip/libsubsys__net__ip.a(net_if.c.obj)
 .text.need_calc_checksum
                0x00000000000071a8       0x64 zephyr/subsys/net/ip/libsubsys__net__ip.a(net_if.c.obj)
 .text.iface_router_notify_deletion.constprop.0
                0x000000000000720c       0x40 zephyr/subsys/net/ip/libsubsys__net__ip.a(net_if.c.obj)
 .text.net_if_lock
                0x000000000000724c       0x44 zephyr/subsys/net/ip/libsubsys__net__ip.a(net_if.c.obj)
 .text.iface_router_find_default.constprop.0
                0x0000000000007290       0x70 zephyr/subsys/net/ip/libsubsys__net__ip.a(net_if.c.obj)
 .text.iface_router_update_timer
                0x0000000000007300       0x7c zephyr/subsys/net/ip/libsubsys__net__ip.a(net_if.c.obj)
 .text.iface_router_lookup
                0x000000000000737c       0x7c zephyr/subsys/net/ip/libsubsys__net__ip.a(net_if.c.obj)
 .text.net_if_unlock
                0x00000000000073f8       0x3c zephyr/subsys/net/ip/libsubsys__net__ip.a(net_if.c.obj)
 .text.iface_router_add
                0x0000000000007434      0x10c zephyr/subsys/net/ip/libsubsys__net__ip.a(net_if.c.obj)
 .text.iface_router_rm
                0x0000000000007540       0x54 zephyr/subsys/net/ip/libsubsys__net__ip.a(net_if.c.obj)
 .text.iface_router_expired
                0x0000000000007594       0x98 zephyr/subsys/net/ip/libsubsys__net__ip.a(net_if.c.obj)
 .text.z_impl_net_if_get_by_index
                0x000000000000762c       0x24 zephyr/subsys/net/ip/libsubsys__net__ip.a(net_if.c.obj)
                0x000000000000762c                z_impl_net_if_get_by_index
 .text.dad_timeout
                0x0000000000007650       0xd0 zephyr/subsys/net/ip/libsubsys__net__ip.a(net_if.c.obj)
 .text.net_if_lookup_by_dev
                0x0000000000007720       0x58 zephyr/subsys/net/ip/libsubsys__net__ip.a(net_if.c.obj)
                0x0000000000007720                net_if_lookup_by_dev
 .text.net_if_get_default
                0x0000000000007778       0x48 zephyr/subsys/net/ip/libsubsys__net__ip.a(net_if.c.obj)
                0x0000000000007778                net_if_get_default
 .text.net_if_mcast_mon_register
                0x00000000000077c0       0x44 zephyr/subsys/net/ip/libsubsys__net__ip.a(net_if.c.obj)
                0x00000000000077c0                net_if_mcast_mon_register
 .text.net_if_mcast_monitor
                0x0000000000007804       0x54 zephyr/subsys/net/ip/libsubsys__net__ip.a(net_if.c.obj)
                0x0000000000007804                net_if_mcast_monitor
 .text.net_if_config_ipv6_get
                0x0000000000007858       0x6c zephyr/subsys/net/ip/libsubsys__net__ip.a(net_if.c.obj)
                0x0000000000007858                net_if_config_ipv6_get
 .text.net_if_start_rs
                0x00000000000078c4       0x88 zephyr/subsys/net/ip/libsubsys__net__ip.a(net_if.c.obj)
                0x00000000000078c4                net_if_start_rs
 .text.rs_timeout
                0x000000000000794c      0x114 zephyr/subsys/net/ip/libsubsys__net__ip.a(net_if.c.obj)
 .text.net_if_stop_rs
                0x0000000000007a60       0x3c zephyr/subsys/net/ip/libsubsys__net__ip.a(net_if.c.obj)
                0x0000000000007a60                net_if_stop_rs
 .text.net_if_ipv6_addr_lookup_raw
                0x0000000000007a9c       0xb4 zephyr/subsys/net/ip/libsubsys__net__ip.a(net_if.c.obj)
                0x0000000000007a9c                net_if_ipv6_addr_lookup_raw
 .text.net_if_ipv6_addr_update_lifetime
                0x0000000000007b50       0x5c zephyr/subsys/net/ip/libsubsys__net__ip.a(net_if.c.obj)
                0x0000000000007b50                net_if_ipv6_addr_update_lifetime
 .text.net_if_ipv6_maddr_rm
                0x0000000000007bac       0x78 zephyr/subsys/net/ip/libsubsys__net__ip.a(net_if.c.obj)
                0x0000000000007bac                net_if_ipv6_maddr_rm
 .text.net_if_ipv6_maddr_lookup_raw
                0x0000000000007c24       0xcc zephyr/subsys/net/ip/libsubsys__net__ip.a(net_if.c.obj)
                0x0000000000007c24                net_if_ipv6_maddr_lookup_raw
 .text.net_if_ipv6_maddr_add
                0x0000000000007cf0       0xcc zephyr/subsys/net/ip/libsubsys__net__ip.a(net_if.c.obj)
                0x0000000000007cf0                net_if_ipv6_maddr_add
 .text.net_if_ipv6_prefix_add
                0x0000000000007dbc      0x118 zephyr/subsys/net/ip/libsubsys__net__ip.a(net_if.c.obj)
                0x0000000000007dbc                net_if_ipv6_prefix_add
 .text.net_if_ipv6_addr_onlink
                0x0000000000007ed4       0xb8 zephyr/subsys/net/ip/libsubsys__net__ip.a(net_if.c.obj)
                0x0000000000007ed4                net_if_ipv6_addr_onlink
 .text.net_if_ipv6_prefix_set_timer
                0x0000000000007f8c       0x58 zephyr/subsys/net/ip/libsubsys__net__ip.a(net_if.c.obj)
                0x0000000000007f8c                net_if_ipv6_prefix_set_timer
 .text.net_if_ipv6_prefix_unset_timer
                0x0000000000007fe4       0x40 zephyr/subsys/net/ip/libsubsys__net__ip.a(net_if.c.obj)
                0x0000000000007fe4                net_if_ipv6_prefix_unset_timer
 .text.net_if_ipv6_select_src_addr_hint
                0x0000000000008024      0x120 zephyr/subsys/net/ip/libsubsys__net__ip.a(net_if.c.obj)
                0x0000000000008024                net_if_ipv6_select_src_addr_hint
 .text.net_if_config_ipv4_get
                0x0000000000008144       0x68 zephyr/subsys/net/ip/libsubsys__net__ip.a(net_if.c.obj)
                0x0000000000008144                net_if_config_ipv4_get
 .text.net_if_ipv4_is_addr_bcast_raw
                0x00000000000081ac       0x60 zephyr/subsys/net/ip/libsubsys__net__ip.a(net_if.c.obj)
                0x00000000000081ac                net_if_ipv4_is_addr_bcast_raw
 .text.net_if_ipv4_select_src_addr
                0x000000000000820c      0x114 zephyr/subsys/net/ip/libsubsys__net__ip.a(net_if.c.obj)
                0x000000000000820c                net_if_ipv4_select_src_addr
 .text.net_if_ipv4_addr_lookup_raw
                0x0000000000008320       0x84 zephyr/subsys/net/ip/libsubsys__net__ip.a(net_if.c.obj)
                0x0000000000008320                net_if_ipv4_addr_lookup_raw
 .text.net_if_ipv4_addr_add
                0x00000000000083a4       0xd8 zephyr/subsys/net/ip/libsubsys__net__ip.a(net_if.c.obj)
                0x00000000000083a4                net_if_ipv4_addr_add
 .text.net_if_ipv4_maddr_lookup
                0x000000000000847c       0x98 zephyr/subsys/net/ip/libsubsys__net__ip.a(net_if.c.obj)
                0x000000000000847c                net_if_ipv4_maddr_lookup
 .text.net_if_addr_unref
                0x0000000000008514      0x154 zephyr/subsys/net/ip/libsubsys__net__ip.a(net_if.c.obj)
                0x0000000000008514                net_if_addr_unref
 .text.net_if_ipv6_dad_failed
                0x0000000000008668       0x70 zephyr/subsys/net/ip/libsubsys__net__ip.a(net_if.c.obj)
                0x0000000000008668                net_if_ipv6_dad_failed
 .text.net_if_ipv6_prefix_rm
                0x00000000000086d8       0xa4 zephyr/subsys/net/ip/libsubsys__net__ip.a(net_if.c.obj)
                0x00000000000086d8                net_if_ipv6_prefix_rm
 .text.prefix_lifetime_timeout
                0x000000000000877c       0xdc zephyr/subsys/net/ip/libsubsys__net__ip.a(net_if.c.obj)
 .text.address_lifetime_timeout
                0x0000000000008858       0xf0 zephyr/subsys/net/ip/libsubsys__net__ip.a(net_if.c.obj)
 .text.net_if_call_link_cb
                0x0000000000008948       0x4c zephyr/subsys/net/ip/libsubsys__net__ip.a(net_if.c.obj)
                0x0000000000008948                net_if_call_link_cb
 .text.net_if_get_by_iface
                0x0000000000008994       0x2c zephyr/subsys/net/ip/libsubsys__net__ip.a(net_if.c.obj)
                0x0000000000008994                net_if_get_by_iface
 .text.net_if_ipv6_start_dad
                0x00000000000089c0       0xc4 zephyr/subsys/net/ip/libsubsys__net__ip.a(net_if.c.obj)
                0x00000000000089c0                net_if_ipv6_start_dad
 .text.join_mcast_allnodes.part.0
                0x0000000000008a84       0x7c zephyr/subsys/net/ip/libsubsys__net__ip.a(net_if.c.obj)
 .text.join_mcast_nodes
                0x0000000000008b00       0x80 zephyr/subsys/net/ip/libsubsys__net__ip.a(net_if.c.obj)
 .text.net_if_ipv6_addr_add
                0x0000000000008b80      0x1a0 zephyr/subsys/net/ip/libsubsys__net__ip.a(net_if.c.obj)
                0x0000000000008b80                net_if_ipv6_addr_add
 .text.net_if_start_dad
                0x0000000000008d20      0x18c zephyr/subsys/net/ip/libsubsys__net__ip.a(net_if.c.obj)
                0x0000000000008d20                net_if_start_dad
 .text.update_operational_state
                0x0000000000008eac      0x3ac zephyr/subsys/net/ip/libsubsys__net__ip.a(net_if.c.obj)
 .text.net_if_tx.isra.0
                0x0000000000009258      0x128 zephyr/subsys/net/ip/libsubsys__net__ip.a(net_if.c.obj)
 .text.net_if_try_send_data
                0x0000000000009380      0x10c zephyr/subsys/net/ip/libsubsys__net__ip.a(net_if.c.obj)
                0x0000000000009380                net_if_try_send_data
 .text.net_if_foreach
                0x000000000000948c       0x54 zephyr/subsys/net/ip/libsubsys__net__ip.a(net_if.c.obj)
                0x000000000000948c                net_if_foreach
 .text.net_if_up
                0x00000000000094e0       0xa0 zephyr/subsys/net/ip/libsubsys__net__ip.a(net_if.c.obj)
                0x00000000000094e0                net_if_up
 .text.net_if_is_wifi
                0x0000000000009580       0x30 zephyr/subsys/net/ip/libsubsys__net__ip.a(net_if.c.obj)
                0x0000000000009580                net_if_is_wifi
 .text.net_if_set_name
                0x00000000000095b0       0x98 zephyr/subsys/net/ip/libsubsys__net__ip.a(net_if.c.obj)
                0x00000000000095b0                net_if_set_name
 .text.net_if_get_by_name
                0x0000000000009648       0x74 zephyr/subsys/net/ip/libsubsys__net__ip.a(net_if.c.obj)
                0x0000000000009648                net_if_get_by_name
 .text.net_if_init
                0x00000000000096bc      0x2f4 zephyr/subsys/net/ip/libsubsys__net__ip.a(net_if.c.obj)
                0x00000000000096bc                net_if_init
 .text.net_if_post_init
                0x00000000000099b0       0x58 zephyr/subsys/net/ip/libsubsys__net__ip.a(net_if.c.obj)
                0x00000000000099b0                net_if_post_init
 .text.net_proto2str
                0x0000000000009a08       0x5c zephyr/subsys/net/ip/libsubsys__net__ip.a(utils.c.obj)
                0x0000000000009a08                net_proto2str
 .text.net_sprint_ll_addr_buf
                0x0000000000009a64       0x58 zephyr/subsys/net/ip/libsubsys__net__ip.a(utils.c.obj)
                0x0000000000009a64                net_sprint_ll_addr_buf
 .text.z_impl_net_addr_ntop
                0x0000000000009abc      0x1ec zephyr/subsys/net/ip/libsubsys__net__ip.a(utils.c.obj)
                0x0000000000009abc                z_impl_net_addr_ntop
 .text.net_sprint_addr
                0x0000000000009ca8       0x2c zephyr/subsys/net/ip/libsubsys__net__ip.a(utils.c.obj)
                0x0000000000009ca8                net_sprint_addr
 .text.z_impl_net_addr_pton
                0x0000000000009cd4      0x1b0 zephyr/subsys/net/ip/libsubsys__net__ip.a(utils.c.obj)
                0x0000000000009cd4                z_impl_net_addr_pton
 .text.net_ipv4_unspecified_address
                0x0000000000009e84        0x8 zephyr/subsys/net/ip/libsubsys__net__ip.a(utils.c.obj)
                0x0000000000009e84                net_ipv4_unspecified_address
 .text.net_ipv4_broadcast_address
                0x0000000000009e8c        0x8 zephyr/subsys/net/ip/libsubsys__net__ip.a(utils.c.obj)
                0x0000000000009e8c                net_ipv4_broadcast_address
 .text.net_ipv6_unspecified_address
                0x0000000000009e94        0x8 zephyr/subsys/net/ip/libsubsys__net__ip.a(utils.c.obj)
                0x0000000000009e94                net_ipv6_unspecified_address
 .text.z_log_msg_runtime_create.constprop.0
                0x0000000000009e9c       0x24 zephyr/subsys/net/ip/libsubsys__net__ip.a(net_mgmt.c.obj)
 .text.mgmt_event_work_handler
                0x0000000000009ec0      0x17c zephyr/subsys/net/ip/libsubsys__net__ip.a(net_mgmt.c.obj)
 .text.sys_slist_find_and_remove.constprop.0.isra.0
                0x000000000000a03c       0x38 zephyr/subsys/net/ip/libsubsys__net__ip.a(net_mgmt.c.obj)
 .text.mgmt_rebuild_global_event_mask
                0x000000000000a074       0xa4 zephyr/subsys/net/ip/libsubsys__net__ip.a(net_mgmt.c.obj)
 .text.net_mgmt_add_event_callback
                0x000000000000a118       0x50 zephyr/subsys/net/ip/libsubsys__net__ip.a(net_mgmt.c.obj)
                0x000000000000a118                net_mgmt_add_event_callback
 .text.net_mgmt_del_event_callback
                0x000000000000a168       0x2c zephyr/subsys/net/ip/libsubsys__net__ip.a(net_mgmt.c.obj)
                0x000000000000a168                net_mgmt_del_event_callback
 .text.net_mgmt_event_notify_with_info
                0x000000000000a194       0xb4 zephyr/subsys/net/ip/libsubsys__net__ip.a(net_mgmt.c.obj)
                0x000000000000a194                net_mgmt_event_notify_with_info
 .text.net_mgmt_event_init
                0x000000000000a248       0x40 zephyr/subsys/net/ip/libsubsys__net__ip.a(net_mgmt.c.obj)
                0x000000000000a248                net_mgmt_event_init
 .text.net_context_is_used
                0x000000000000a288       0x3c zephyr/subsys/net/ip/libsubsys__net__ip.a(net_context.c.obj)
 .text.net_context_is_bound_to_iface
                0x000000000000a2c4       0x3c zephyr/subsys/net/ip/libsubsys__net__ip.a(net_context.c.obj)
 .text.net_context_get_type
                0x000000000000a300       0x3c zephyr/subsys/net/ip/libsubsys__net__ip.a(net_context.c.obj)
 .text.net_context_get_state
                0x000000000000a33c       0x3c zephyr/subsys/net/ip/libsubsys__net__ip.a(net_context.c.obj)
 .text.net_context_get_family
                0x000000000000a378       0x3c zephyr/subsys/net/ip/libsubsys__net__ip.a(net_context.c.obj)
 .text.net_context_get_iface
                0x000000000000a3b4       0x40 zephyr/subsys/net/ip/libsubsys__net__ip.a(net_context.c.obj)
 .text.net_context_set_iface
                0x000000000000a3f4       0x40 zephyr/subsys/net/ip/libsubsys__net__ip.a(net_context.c.obj)
 .text.net_context_packet_received
                0x000000000000a434       0xd4 zephyr/subsys/net/ip/libsubsys__net__ip.a(net_context.c.obj)
                0x000000000000a434                net_context_packet_received
 .text.check_used_port.constprop.0
                0x000000000000a508      0x160 zephyr/subsys/net/ip/libsubsys__net__ip.a(net_context.c.obj)
 .text.recheck_port.constprop.0
                0x000000000000a668       0x50 zephyr/subsys/net/ip/libsubsys__net__ip.a(net_context.c.obj)
 .text.net_context_get
                0x000000000000a6b8      0x1c0 zephyr/subsys/net/ip/libsubsys__net__ip.a(net_context.c.obj)
                0x000000000000a6b8                net_context_get
 .text.net_context_put
                0x000000000000a878       0x7c zephyr/subsys/net/ip/libsubsys__net__ip.a(net_context.c.obj)
                0x000000000000a878                net_context_put
 .text.net_context_bind
                0x000000000000a8f4      0x220 zephyr/subsys/net/ip/libsubsys__net__ip.a(net_context.c.obj)
                0x000000000000a8f4                net_context_bind
 .text.net_context_listen
                0x000000000000ab14       0x84 zephyr/subsys/net/ip/libsubsys__net__ip.a(net_context.c.obj)
                0x000000000000ab14                net_context_listen
 .text.net_context_create_ipv4_new
                0x000000000000ab98       0xb0 zephyr/subsys/net/ip/libsubsys__net__ip.a(net_context.c.obj)
                0x000000000000ab98                net_context_create_ipv4_new
 .text.net_context_create_ipv6_new
                0x000000000000ac48       0x90 zephyr/subsys/net/ip/libsubsys__net__ip.a(net_context.c.obj)
                0x000000000000ac48                net_context_create_ipv6_new
 .text.context_sendto
                0x000000000000acd8      0x464 zephyr/subsys/net/ip/libsubsys__net__ip.a(net_context.c.obj)
 .text.net_context_connect
                0x000000000000b13c      0x2a0 zephyr/subsys/net/ip/libsubsys__net__ip.a(net_context.c.obj)
                0x000000000000b13c                net_context_connect
 .text.net_context_accept
                0x000000000000b3dc       0xa4 zephyr/subsys/net/ip/libsubsys__net__ip.a(net_context.c.obj)
                0x000000000000b3dc                net_context_accept
 .text.net_context_recv
                0x000000000000b480      0x1c8 zephyr/subsys/net/ip/libsubsys__net__ip.a(net_context.c.obj)
                0x000000000000b480                net_context_recv
 .text.net_context_set_option
                0x000000000000b648      0x1fc zephyr/subsys/net/ip/libsubsys__net__ip.a(net_context.c.obj)
                0x000000000000b648                net_context_set_option
 .text.net_context_get_option
                0x000000000000b844      0x1a0 zephyr/subsys/net/ip/libsubsys__net__ip.a(net_context.c.obj)
                0x000000000000b844                net_context_get_option
 .text.net_context_init
                0x000000000000b9e4       0x10 zephyr/subsys/net/ip/libsubsys__net__ip.a(net_context.c.obj)
                0x000000000000b9e4                net_context_init
 .text.net_pkt_get_reserve_data
                0x000000000000b9f4       0x50 zephyr/subsys/net/ip/libsubsys__net__ip.a(net_pkt.c.obj)
                0x000000000000b9f4                net_pkt_get_reserve_data
 .text.net_pkt_get_reserve_rx_data
                0x000000000000ba44        0xc zephyr/subsys/net/ip/libsubsys__net__ip.a(net_pkt.c.obj)
                0x000000000000ba44                net_pkt_get_reserve_rx_data
 .text.net_pkt_get_reserve_tx_data
                0x000000000000ba50        0xc zephyr/subsys/net/ip/libsubsys__net__ip.a(net_pkt.c.obj)
                0x000000000000ba50                net_pkt_get_reserve_tx_data
 .text.net_pkt_get_frag
                0x000000000000ba5c       0x44 zephyr/subsys/net/ip/libsubsys__net__ip.a(net_pkt.c.obj)
                0x000000000000ba5c                net_pkt_get_frag
 .text.pkt_alloc
                0x000000000000baa0       0x58 zephyr/subsys/net/ip/libsubsys__net__ip.a(net_pkt.c.obj)
 .text.net_pkt_alloc
                0x000000000000baf8       0x10 zephyr/subsys/net/ip/libsubsys__net__ip.a(net_pkt.c.obj)
                0x000000000000baf8                net_pkt_alloc
 .text.net_pkt_rx_alloc
                0x000000000000bb08       0x10 zephyr/subsys/net/ip/libsubsys__net__ip.a(net_pkt.c.obj)
                0x000000000000bb08                net_pkt_rx_alloc
 .text.net_pkt_alloc_buffer_raw
                0x000000000000bb18       0x94 zephyr/subsys/net/ip/libsubsys__net__ip.a(net_pkt.c.obj)
                0x000000000000bb18                net_pkt_alloc_buffer_raw
 .text.net_pkt_alloc_buffer_with_reserve
                0x000000000000bbac      0x134 zephyr/subsys/net/ip/libsubsys__net__ip.a(net_pkt.c.obj)
                0x000000000000bbac                net_pkt_alloc_buffer_with_reserve
 .text.net_pkt_alloc_buffer
                0x000000000000bce0       0xa4 zephyr/subsys/net/ip/libsubsys__net__ip.a(net_pkt.c.obj)
                0x000000000000bce0                net_pkt_alloc_buffer
 .text.net_pkt_alloc_with_buffer
                0x000000000000bd84       0x24 zephyr/subsys/net/ip/libsubsys__net__ip.a(net_pkt.c.obj)
                0x000000000000bd84                net_pkt_alloc_with_buffer
 .text.net_pkt_get_data
                0x000000000000bda8       0x60 zephyr/subsys/net/ip/libsubsys__net__ip.a(net_pkt.c.obj)
                0x000000000000bda8                net_pkt_get_data
 .text.z_log_msg_runtime_create.constprop.0
                0x000000000000be08       0x24 zephyr/subsys/net/ip/libsubsys__net__ip.a(net_tc.c.obj)
 .text.net_tc_submit_to_rx_queue
                0x000000000000be2c       0x18 zephyr/subsys/net/ip/libsubsys__net__ip.a(net_tc.c.obj)
                0x000000000000be2c                net_tc_submit_to_rx_queue
 .text.net_rx_priority2tc
                0x000000000000be44       0x10 zephyr/subsys/net/ip/libsubsys__net__ip.a(net_tc.c.obj)
                0x000000000000be44                net_rx_priority2tc
 .text.net_tc_rx_init
                0x000000000000be54       0x8c zephyr/subsys/net/ip/libsubsys__net__ip.a(net_tc.c.obj)
                0x000000000000be54                net_tc_rx_init
 .text.icmp_call_handlers
                0x000000000000bee0       0x6c zephyr/subsys/net/ip/libsubsys__net__ip.a(icmp.c.obj)
 .text.net_icmp_init_ctx
                0x000000000000bf4c       0x50 zephyr/subsys/net/ip/libsubsys__net__ip.a(icmp.c.obj)
                0x000000000000bf4c                net_icmp_init_ctx
 .text.net_context_get_iface
                0x000000000000bf9c       0x40 zephyr/subsys/net/ip/libsubsys__net__ip.a(connection.c.obj)
 .text.net_conn_change_remote
                0x000000000000bfdc       0xa0 zephyr/subsys/net/ip/libsubsys__net__ip.a(connection.c.obj)
 .text.net_conn_change_local
                0x000000000000c07c       0xa0 zephyr/subsys/net/ip/libsubsys__net__ip.a(connection.c.obj)
 .text.k_mutex_lock.constprop.0.isra.0
                0x000000000000c11c       0x10 zephyr/subsys/net/ip/libsubsys__net__ip.a(connection.c.obj)
 .text.k_mutex_unlock.constprop.0.isra.0
                0x000000000000c12c        0xc zephyr/subsys/net/ip/libsubsys__net__ip.a(connection.c.obj)
 .text.conn_set_unused
                0x000000000000c138       0x34 zephyr/subsys/net/ip/libsubsys__net__ip.a(connection.c.obj)
 .text.net_conn_register
                0x000000000000c16c      0x28c zephyr/subsys/net/ip/libsubsys__net__ip.a(connection.c.obj)
                0x000000000000c16c                net_conn_register
 .text.net_conn_unregister
                0x000000000000c3f8       0x78 zephyr/subsys/net/ip/libsubsys__net__ip.a(connection.c.obj)
                0x000000000000c3f8                net_conn_unregister
 .text.net_conn_update
                0x000000000000c470       0x5c zephyr/subsys/net/ip/libsubsys__net__ip.a(connection.c.obj)
                0x000000000000c470                net_conn_update
 .text.net_conn_input
                0x000000000000c4cc      0x2cc zephyr/subsys/net/ip/libsubsys__net__ip.a(connection.c.obj)
                0x000000000000c4cc                net_conn_input
 .text.net_conn_init
                0x000000000000c798       0x40 zephyr/subsys/net/ip/libsubsys__net__ip.a(connection.c.obj)
                0x000000000000c798                net_conn_init
 .text.icmpv4_handle_echo_request
                0x000000000000c7d8      0x21c zephyr/subsys/net/ip/libsubsys__net__ip.a(icmpv4.c.obj)
 .text.net_icmpv4_send_error
                0x000000000000c9f4      0x1b8 zephyr/subsys/net/ip/libsubsys__net__ip.a(icmpv4.c.obj)
                0x000000000000c9f4                net_icmpv4_send_error
 .text.net_icmpv4_input
                0x000000000000cbac      0x14c zephyr/subsys/net/ip/libsubsys__net__ip.a(icmpv4.c.obj)
                0x000000000000cbac                net_icmpv4_input
 .text.net_icmpv4_init
                0x000000000000ccf8       0x48 zephyr/subsys/net/ip/libsubsys__net__ip.a(icmpv4.c.obj)
                0x000000000000ccf8                net_icmpv4_init
 .text.net_ipv4_input
                0x000000000000cd40      0x360 zephyr/subsys/net/ip/libsubsys__net__ip.a(ipv4.c.obj)
                0x000000000000cd40                net_ipv4_input
 .text.net_icmpv6_input
                0x000000000000d0a0       0x7c zephyr/subsys/net/ip/libsubsys__net__ip.a(icmpv6.c.obj)
                0x000000000000d0a0                net_icmpv6_input
 .text.net_icmpv6_init
                0x000000000000d11c       0x48 zephyr/subsys/net/ip/libsubsys__net__ip.a(icmpv6.c.obj)
                0x000000000000d11c                net_icmpv6_init
 .text.get_nbr  0x000000000000d164       0x3c zephyr/subsys/net/ip/libsubsys__net__ip.a(nbr.c.obj)
 .text.net_nbr_link
                0x000000000000d1a0       0xd0 zephyr/subsys/net/ip/libsubsys__net__ip.a(nbr.c.obj)
                0x000000000000d1a0                net_nbr_link
 .text.net_nbr_unlink
                0x000000000000d270       0x90 zephyr/subsys/net/ip/libsubsys__net__ip.a(nbr.c.obj)
                0x000000000000d270                net_nbr_unlink
 .text.net_nbr_get_lladdr
                0x000000000000d300       0x44 zephyr/subsys/net/ip/libsubsys__net__ip.a(nbr.c.obj)
                0x000000000000d300                net_nbr_get_lladdr
 .text.z_log_msg_runtime_create.constprop.0
                0x000000000000d344       0x24 zephyr/subsys/net/ip/libsubsys__net__ip.a(ipv6.c.obj)
 .text.net_ipv6_addr_generate_iid
                0x000000000000d368       0xd4 zephyr/subsys/net/ip/libsubsys__net__ip.a(ipv6.c.obj)
                0x000000000000d368                net_ipv6_addr_generate_iid
 .text.ipv6_nd_restart_reachable_timer
                0x000000000000d43c       0x94 zephyr/subsys/net/ip/libsubsys__net__ip.a(ipv6_nbr.c.obj)
 .text.ipv6_nbr_set_state
                0x000000000000d4d0       0x6c zephyr/subsys/net/ip/libsubsys__net__ip.a(ipv6_nbr.c.obj)
 .text.nbr_new  0x000000000000d53c       0x84 zephyr/subsys/net/ip/libsubsys__net__ip.a(ipv6_nbr.c.obj)
 .text.nbr_lookup.constprop.0
                0x000000000000d5c0       0x44 zephyr/subsys/net/ip/libsubsys__net__ip.a(ipv6_nbr.c.obj)
 .text.dad_failed.isra.0
                0x000000000000d604       0x38 zephyr/subsys/net/ip/libsubsys__net__ip.a(ipv6_nbr.c.obj)
 .text.dbg_update_neighbor_lladdr.constprop.0
                0x000000000000d63c       0x28 zephyr/subsys/net/ip/libsubsys__net__ip.a(ipv6_nbr.c.obj)
 .text.net_ipv6_nbr_lock
                0x000000000000d664       0x14 zephyr/subsys/net/ip/libsubsys__net__ip.a(ipv6_nbr.c.obj)
                0x000000000000d664                net_ipv6_nbr_lock
 .text.net_ipv6_nbr_unlock
                0x000000000000d678        0xc zephyr/subsys/net/ip/libsubsys__net__ip.a(ipv6_nbr.c.obj)
                0x000000000000d678                net_ipv6_nbr_unlock
 .text.ipv6_ns_reply_timeout
                0x000000000000d684       0xa0 zephyr/subsys/net/ip/libsubsys__net__ip.a(ipv6_nbr.c.obj)
 .text.net_ipv6_nbr_rm
                0x000000000000d724       0x4c zephyr/subsys/net/ip/libsubsys__net__ip.a(ipv6_nbr.c.obj)
                0x000000000000d724                net_ipv6_nbr_rm
 .text.add_nbr  0x000000000000d770       0xa0 zephyr/subsys/net/ip/libsubsys__net__ip.a(ipv6_nbr.c.obj)
 .text.net_ipv6_nbr_set_reachable_timer
                0x000000000000d810       0x4c zephyr/subsys/net/ip/libsubsys__net__ip.a(ipv6_nbr.c.obj)
                0x000000000000d810                net_ipv6_nbr_set_reachable_timer
 .text.handle_na_input
                0x000000000000d85c      0x2c0 zephyr/subsys/net/ip/libsubsys__net__ip.a(ipv6_nbr.c.obj)
 .text.net_ipv6_send_ns
                0x000000000000db1c      0x1e4 zephyr/subsys/net/ip/libsubsys__net__ip.a(ipv6_nbr.c.obj)
                0x000000000000db1c                net_ipv6_send_ns
 .text.net_ipv6_nbr_add
                0x000000000000dd00       0xf4 zephyr/subsys/net/ip/libsubsys__net__ip.a(ipv6_nbr.c.obj)
                0x000000000000dd00                net_ipv6_nbr_add
 .text.handle_ra_input
                0x000000000000ddf4      0x50c zephyr/subsys/net/ip/libsubsys__net__ip.a(ipv6_nbr.c.obj)
 .text.handle_ns_input
                0x000000000000e300      0x258 zephyr/subsys/net/ip/libsubsys__net__ip.a(ipv6_nbr.c.obj)
 .text.net_ipv6_prepare_for_send
                0x000000000000e558      0x184 zephyr/subsys/net/ip/libsubsys__net__ip.a(ipv6_nbr.c.obj)
                0x000000000000e558                net_ipv6_prepare_for_send
 .text.ipv6_nd_reachable_timeout
                0x000000000000e6dc      0x120 zephyr/subsys/net/ip/libsubsys__net__ip.a(ipv6_nbr.c.obj)
 .text.net_ipv6_nbr_init
                0x000000000000e7fc       0xd4 zephyr/subsys/net/ip/libsubsys__net__ip.a(ipv6_nbr.c.obj)
                0x000000000000e7fc                net_ipv6_nbr_init
 .text.z_log_msg_runtime_create.constprop.0
                0x000000000000e8d0       0x24 zephyr/subsys/net/ip/libsubsys__net__ip.a(ipv6_mld.c.obj)
 .text.handle_mld_query
                0x000000000000e8f4      0x15c zephyr/subsys/net/ip/libsubsys__net__ip.a(ipv6_mld.c.obj)
 .text.net_ipv6_mld_join
                0x000000000000ea50       0xa8 zephyr/subsys/net/ip/libsubsys__net__ip.a(ipv6_mld.c.obj)
                0x000000000000ea50                net_ipv6_mld_join
 .text.net_ipv6_mld_leave
                0x000000000000eaf8       0x74 zephyr/subsys/net/ip/libsubsys__net__ip.a(ipv6_mld.c.obj)
                0x000000000000eaf8                net_ipv6_mld_leave
 .text.net_ipv6_mld_init
                0x000000000000eb6c       0x48 zephyr/subsys/net/ip/libsubsys__net__ip.a(ipv6_mld.c.obj)
                0x000000000000eb6c                net_ipv6_mld_init
 .text.nbr_new  0x000000000000ebb4       0x5c zephyr/subsys/net/ip/libsubsys__net__ip.a(route.c.obj)
 .text.net_route_get_nbr
                0x000000000000ec10       0x64 zephyr/subsys/net/ip/libsubsys__net__ip.a(route.c.obj)
                0x000000000000ec10                net_route_get_nbr
 .text.net_route_lookup
                0x000000000000ec74       0xbc zephyr/subsys/net/ip/libsubsys__net__ip.a(route.c.obj)
                0x000000000000ec74                net_route_lookup
 .text.net_route_update_lifetime
                0x000000000000ed30       0x80 zephyr/subsys/net/ip/libsubsys__net__ip.a(route.c.obj)
                0x000000000000ed30                net_route_update_lifetime
 .text.net_route_del
                0x000000000000edb0       0x94 zephyr/subsys/net/ip/libsubsys__net__ip.a(route.c.obj)
                0x000000000000edb0                net_route_del
 .text.route_lifetime_timeout
                0x000000000000ee44       0x8c zephyr/subsys/net/ip/libsubsys__net__ip.a(route.c.obj)
 .text.net_route_del_by_nexthop
                0x000000000000eed0       0xa8 zephyr/subsys/net/ip/libsubsys__net__ip.a(route.c.obj)
                0x000000000000eed0                net_route_del_by_nexthop
 .text.net_route_get_nexthop
                0x000000000000ef78       0x48 zephyr/subsys/net/ip/libsubsys__net__ip.a(route.c.obj)
                0x000000000000ef78                net_route_get_nexthop
 .text.net_route_add
                0x000000000000efc0      0x240 zephyr/subsys/net/ip/libsubsys__net__ip.a(route.c.obj)
                0x000000000000efc0                net_route_add
 .text.net_route_packet
                0x000000000000f200       0xc0 zephyr/subsys/net/ip/libsubsys__net__ip.a(route.c.obj)
                0x000000000000f200                net_route_packet
 .text.net_route_init
                0x000000000000f2c0       0x10 zephyr/subsys/net/ip/libsubsys__net__ip.a(route.c.obj)
                0x000000000000f2c0                net_route_init
 .text.tcp_state_to_str
                0x000000000000f2d0       0x48 zephyr/subsys/net/ip/libsubsys__net__ip.a(tcp.c.obj)
 .text.tcp_setup_retransmission
                0x000000000000f318       0x20 zephyr/subsys/net/ip/libsubsys__net__ip.a(tcp.c.obj)
 .text.tcp_enter_time_wait
                0x000000000000f338       0x24 zephyr/subsys/net/ip/libsubsys__net__ip.a(tcp.c.obj)
 .text.net_context_get_family
                0x000000000000f35c       0x3c zephyr/subsys/net/ip/libsubsys__net__ip.a(tcp.c.obj)
 .text.net_context_set_state
                0x000000000000f398       0x44 zephyr/subsys/net/ip/libsubsys__net__ip.a(tcp.c.obj)
 .text.net_context_get_iface
                0x000000000000f3dc       0x40 zephyr/subsys/net/ip/libsubsys__net__ip.a(tcp.c.obj)
 .text.tcp_send
                0x000000000000f41c       0x5c zephyr/subsys/net/ip/libsubsys__net__ip.a(tcp.c.obj)
 .text.tcp_unsent_len
                0x000000000000f478       0x60 zephyr/subsys/net/ip/libsubsys__net__ip.a(tcp.c.obj)
 .text.th_get   0x000000000000f4d8      0x114 zephyr/subsys/net/ip/libsubsys__net__ip.a(tcp.c.obj)
 .text.tcp_endpoint_set
                0x000000000000f5ec       0xbc zephyr/subsys/net/ip/libsubsys__net__ip.a(tcp.c.obj)
 .text.tcp_pkt_append
                0x000000000000f6a8       0xbc zephyr/subsys/net/ip/libsubsys__net__ip.a(tcp.c.obj)
 .text.tcp_conn_release
                0x000000000000f764      0x160 zephyr/subsys/net/ip/libsubsys__net__ip.a(tcp.c.obj)
 .text.tcp_conn_unref.isra.0
                0x000000000000f8c4       0x38 zephyr/subsys/net/ip/libsubsys__net__ip.a(tcp.c.obj)
 .text.net_tcp_get
                0x000000000000f8fc      0x1dc zephyr/subsys/net/ip/libsubsys__net__ip.a(tcp.c.obj)
                0x000000000000f8fc                net_tcp_get
 .text.net_tcp_accept
                0x000000000000fad8       0xc8 zephyr/subsys/net/ip/libsubsys__net__ip.a(tcp.c.obj)
                0x000000000000fad8                net_tcp_accept
 .text.net_tcp_finalize
                0x000000000000fba0       0x70 zephyr/subsys/net/ip/libsubsys__net__ip.a(tcp.c.obj)
                0x000000000000fba0                net_tcp_finalize
 .text.net_tcp_input
                0x000000000000fc10       0x58 zephyr/subsys/net/ip/libsubsys__net__ip.a(tcp.c.obj)
                0x000000000000fc10                net_tcp_input
 .text.tcp_out_ext
                0x000000000000fc68      0x238 zephyr/subsys/net/ip/libsubsys__net__ip.a(tcp.c.obj)
 .text.net_tcp_put
                0x000000000000fea0       0xbc zephyr/subsys/net/ip/libsubsys__net__ip.a(tcp.c.obj)
                0x000000000000fea0                net_tcp_put
 .text.tcp_send_zwp
                0x000000000000ff5c       0xac zephyr/subsys/net/ip/libsubsys__net__ip.a(tcp.c.obj)
 .text.net_tcp_connect
                0x0000000000010008      0x2e4 zephyr/subsys/net/ip/libsubsys__net__ip.a(tcp.c.obj)
                0x0000000000010008                net_tcp_connect
 .text.tcp_send_data
                0x00000000000102ec      0x14c zephyr/subsys/net/ip/libsubsys__net__ip.a(tcp.c.obj)
 .text.tcp_resend_data
                0x0000000000010438      0x1ec zephyr/subsys/net/ip/libsubsys__net__ip.a(tcp.c.obj)
 .text.net_tcp_update_recv_wnd
                0x0000000000010624       0x54 zephyr/subsys/net/ip/libsubsys__net__ip.a(tcp.c.obj)
                0x0000000000010624                net_tcp_update_recv_wnd
 .text.tcp_data_get
                0x0000000000010678      0x110 zephyr/subsys/net/ip/libsubsys__net__ip.a(tcp.c.obj)
 .text.tcp_recv
                0x0000000000010788     0x11c0 zephyr/subsys/net/ip/libsubsys__net__ip.a(tcp.c.obj)
 .text.net_tcp_set_option
                0x0000000000011948       0xa8 zephyr/subsys/net/ip/libsubsys__net__ip.a(tcp.c.obj)
                0x0000000000011948                net_tcp_set_option
 .text.net_tcp_get_option
                0x00000000000119f0       0x9c zephyr/subsys/net/ip/libsubsys__net__ip.a(tcp.c.obj)
                0x00000000000119f0                net_tcp_get_option
 .text.net_tcp_init
                0x0000000000011a8c       0x50 zephyr/subsys/net/ip/libsubsys__net__ip.a(tcp.c.obj)
                0x0000000000011a8c                net_tcp_init
 .text.net_udp_finalize
                0x0000000000011adc       0x90 zephyr/subsys/net/ip/libsubsys__net__ip.a(udp.c.obj)
                0x0000000000011adc                net_udp_finalize
 .text.net_udp_input
                0x0000000000011b6c       0x88 zephyr/subsys/net/ip/libsubsys__net__ip.a(udp.c.obj)
                0x0000000000011b6c                net_udp_input
 .text.iface_up_handler
                0x0000000000011bf4       0x58 zephyr/subsys/net/lib/config/libsubsys__net__lib__config.a(init.c.obj)
 .text.services_notify_ready
                0x0000000000011c4c       0x28 zephyr/subsys/net/lib/config/libsubsys__net__lib__config.a(init.c.obj)
 .text.net_config_init_by_iface
                0x0000000000011c74      0x288 zephyr/subsys/net/lib/config/libsubsys__net__lib__config.a(init.c.obj)
                0x0000000000011c74                net_config_init_by_iface
 .text.net_config_init_app
                0x0000000000011efc       0x98 zephyr/subsys/net/lib/config/libsubsys__net__lib__config.a(init.c.obj)
                0x0000000000011efc                net_config_init_app
 .text.init_app
                0x0000000000011f94       0x14 zephyr/subsys/net/lib/config/libsubsys__net__lib__config.a(init.c.obj)
 .text.cb_notify
                0x0000000000011fa8       0x74 zephyr/subsys/net/lib/http/libsubsys__net__lib__http.a(http_parser.c.obj)
 .text.cb_data  0x000000000001201c       0x88 zephyr/subsys/net/lib/http/libsubsys__net__lib__http.a(http_parser.c.obj)
 .text.http_parser_execute
                0x00000000000120a4     0x1920 zephyr/subsys/net/lib/http/libsubsys__net__lib__http.a(http_parser.c.obj)
                0x00000000000120a4                http_parser_execute
 .text.http_method_str
                0x00000000000139c4       0x18 zephyr/subsys/net/lib/http/libsubsys__net__lib__http.a(http_parser.c.obj)
                0x00000000000139c4                http_method_str
 .text.parse_url_char
                0x00000000000139dc      0x204 zephyr/subsys/net/lib/http/libsubsys__net__lib__http.a(http_parser_url.c.obj)
                0x00000000000139dc                parse_url_char
 .text.http_server_init
                0x0000000000013be0      0x29c zephyr/subsys/net/lib/http/libsubsys__net__lib__http.a(http_server_core.c.obj)
                0x0000000000013be0                http_server_init
 .text.http_server_release_client
                0x0000000000013e7c      0x16c zephyr/subsys/net/lib/http/libsubsys__net__lib__http.a(http_server_core.c.obj)
                0x0000000000013e7c                http_server_release_client
 .text.http_client_timer_restart
                0x0000000000013fe8       0x60 zephyr/subsys/net/lib/http/libsubsys__net__lib__http.a(http_server_core.c.obj)
                0x0000000000013fe8                http_client_timer_restart
 .text.http_server_thread
                0x0000000000014048      0x4c0 zephyr/subsys/net/lib/http/libsubsys__net__lib__http.a(http_server_core.c.obj)
 .text.get_resource_detail
                0x0000000000014508       0xa8 zephyr/subsys/net/lib/http/libsubsys__net__lib__http.a(http_server_core.c.obj)
                0x0000000000014508                get_resource_detail
 .text.http_server_sendall
                0x00000000000145b0       0x44 zephyr/subsys/net/lib/http/libsubsys__net__lib__http.a(http_server_core.c.obj)
                0x00000000000145b0                http_server_sendall
 .text.http_server_start
                0x00000000000145f4       0x24 zephyr/subsys/net/lib/http/libsubsys__net__lib__http.a(http_server_core.c.obj)
                0x00000000000145f4                http_server_start
 .text.on_header_value
                0x0000000000014618       0xa0 zephyr/subsys/net/lib/http/libsubsys__net__lib__http.a(http_server_http1.c.obj)
 .text.on_header_field
                0x00000000000146b8       0x88 zephyr/subsys/net/lib/http/libsubsys__net__lib__http.a(http_server_http1.c.obj)
 .text.http1_dynamic_response
                0x0000000000014740      0x1c4 zephyr/subsys/net/lib/http/libsubsys__net__lib__http.a(http_server_http1.c.obj)
 .text.enter_http1_request
                0x0000000000014904       0x88 zephyr/subsys/net/lib/http/libsubsys__net__lib__http.a(http_server_http1.c.obj)
                0x0000000000014904                enter_http1_request
 .text.handle_http1_request
                0x000000000001498c      0x4b4 zephyr/subsys/net/lib/http/libsubsys__net__lib__http.a(http_server_http1.c.obj)
                0x000000000001498c                handle_http1_request
 .text.send_headers_frame
                0x0000000000014e40      0x15c zephyr/subsys/net/lib/http/libsubsys__net__lib__http.a(http_server_http2.c.obj)
 .text.send_http2_404
                0x0000000000014f9c       0x38 zephyr/subsys/net/lib/http/libsubsys__net__lib__http.a(http_server_http2.c.obj)
 .text.http2_dynamic_response
                0x0000000000014fd4       0xdc zephyr/subsys/net/lib/http/libsubsys__net__lib__http.a(http_server_http2.c.obj)
 .text.send_http2_500.constprop.0
                0x00000000000150b0       0x50 zephyr/subsys/net/lib/http/libsubsys__net__lib__http.a(http_server_http2.c.obj)
 .text.send_settings_frame
                0x0000000000015100       0x6c zephyr/subsys/net/lib/http/libsubsys__net__lib__http.a(http_server_http2.c.obj)
                0x0000000000015100                send_settings_frame
 .text.send_window_update_frame
                0x000000000001516c       0x6c zephyr/subsys/net/lib/http/libsubsys__net__lib__http.a(http_server_http2.c.obj)
                0x000000000001516c                send_window_update_frame
 .text.handle_http1_to_http2_upgrade
                0x00000000000151d8      0x160 zephyr/subsys/net/lib/http/libsubsys__net__lib__http.a(http_server_http2.c.obj)
                0x00000000000151d8                handle_http1_to_http2_upgrade
 .text.handle_http_frame_header
                0x0000000000015338      0x180 zephyr/subsys/net/lib/http/libsubsys__net__lib__http.a(http_server_http2.c.obj)
                0x0000000000015338                handle_http_frame_header
 .text.handle_http_frame_headers
                0x00000000000154b8      0x3f0 zephyr/subsys/net/lib/http/libsubsys__net__lib__http.a(http_server_http2.c.obj)
                0x00000000000154b8                handle_http_frame_headers
 .text.hpack_handle_literal
                0x00000000000158a8      0x120 zephyr/subsys/net/lib/http/libsubsys__net__lib__http.a(http_hpack.c.obj)
 .text.http_hpack_decode_header
                0x00000000000159c8       0xa8 zephyr/subsys/net/lib/http/libsubsys__net__lib__http.a(http_hpack.c.obj)
                0x00000000000159c8                http_hpack_decode_header
 .text.http_hpack_encode_header
                0x0000000000015a70      0x138 zephyr/subsys/net/lib/http/libsubsys__net__lib__http.a(http_hpack.c.obj)
                0x0000000000015a70                http_hpack_encode_header
 .text.http_hpack_huffman_decode
                0x0000000000015ba8      0x154 zephyr/subsys/net/lib/http/libsubsys__net__lib__http.a(http_huffman.c.obj)
                0x0000000000015ba8                http_hpack_huffman_decode
 .text.http_hpack_huffman_encode
                0x0000000000015cfc       0xd8 zephyr/subsys/net/lib/http/libsubsys__net__lib__http.a(http_huffman.c.obj)
                0x0000000000015cfc                http_hpack_huffman_encode
 .text.wait_synchronization
                0x0000000000015dd4       0x10 zephyr/drivers/interrupt_controller/libdrivers__interrupt_controller.a(intc_sam0_eic.c.obj)
 .text.sam0_eic_init
                0x0000000000015de4      0x134 zephyr/drivers/interrupt_controller/libdrivers__interrupt_controller.a(intc_sam0_eic.c.obj)
 .text.sam0_eic_isr
                0x0000000000015f18       0x4c zephyr/drivers/interrupt_controller/libdrivers__interrupt_controller.a(intc_sam0_eic.c.obj)
 .text.sam0_eic_check_ownership
                0x0000000000015f64       0x2c zephyr/drivers/interrupt_controller/libdrivers__interrupt_controller.a(intc_sam0_eic.c.obj)
 .text.sam0_eic_acquire
                0x0000000000015f90      0x108 zephyr/drivers/interrupt_controller/libdrivers__interrupt_controller.a(intc_sam0_eic.c.obj)
                0x0000000000015f90                sam0_eic_acquire
 .text.sam0_eic_release
                0x0000000000016098       0x94 zephyr/drivers/interrupt_controller/libdrivers__interrupt_controller.a(intc_sam0_eic.c.obj)
                0x0000000000016098                sam0_eic_release
 .text.sam0_eic_enable_interrupt
                0x000000000001612c       0x3c zephyr/drivers/interrupt_controller/libdrivers__interrupt_controller.a(intc_sam0_eic.c.obj)
                0x000000000001612c                sam0_eic_enable_interrupt
 .text.sam0_eic_disable_interrupt
                0x0000000000016168       0x3c zephyr/drivers/interrupt_controller/libdrivers__interrupt_controller.a(intc_sam0_eic.c.obj)
                0x0000000000016168                sam0_eic_disable_interrupt
 .text.sam0_eic_interrupt_pending
                0x00000000000161a4       0x50 zephyr/drivers/interrupt_controller/libdrivers__interrupt_controller.a(intc_sam0_eic.c.obj)
                0x00000000000161a4                sam0_eic_interrupt_pending
 .text.uart_console_init
                0x00000000000161f4       0x28 zephyr/drivers/console/libdrivers__console.a(uart_console.c.obj)
 .text.console_out
                0x000000000001621c       0x28 zephyr/drivers/console/libdrivers__console.a(uart_console.c.obj)
 .text.entropy_sam_init
                0x0000000000016244       0x20 zephyr/drivers/entropy/libdrivers__entropy.a(entropy_sam.c.obj)
 .text.entropy_sam_get_entropy_internal.isra.0
                0x0000000000016264       0x4c zephyr/drivers/entropy/libdrivers__entropy.a(entropy_sam.c.obj)
 .text.entropy_sam_get_entropy_isr
                0x00000000000162b0       0x5c zephyr/drivers/entropy/libdrivers__entropy.a(entropy_sam.c.obj)
 .text.eth_initialize
                0x000000000001630c       0x44 zephyr/drivers/ethernet/libdrivers__ethernet.a(eth_sam_gmac.c.obj)
 .text.phy_link_state_changed
                0x0000000000016350       0x94 zephyr/drivers/ethernet/libdrivers__ethernet.a(eth_sam_gmac.c.obj)
 .text.eth_tx   0x00000000000163e4      0x160 zephyr/drivers/ethernet/libdrivers__ethernet.a(eth_sam_gmac.c.obj)
 .text.frame_get
                0x0000000000016544      0x1c8 zephyr/drivers/ethernet/libdrivers__ethernet.a(eth_sam_gmac.c.obj)
 .text.queue0_isr
                0x000000000001670c      0x174 zephyr/drivers/ethernet/libdrivers__ethernet.a(eth_sam_gmac.c.obj)
 .text.eth0_iface_init
                0x0000000000016880      0x398 zephyr/drivers/ethernet/libdrivers__ethernet.a(eth_sam_gmac.c.obj)
 .text.eth_sam_gmac_set_config
                0x0000000000016c18       0x78 zephyr/drivers/ethernet/libdrivers__ethernet.a(eth_sam_gmac.c.obj)
 .text.phy_mii_cfg_link
                0x0000000000016c90      0x228 zephyr/drivers/ethernet/libdrivers__ethernet.a(phy_mii.c.obj)
 .text.phy_mii_initialize_dynamic_link
                0x0000000000016eb8      0x178 zephyr/drivers/ethernet/libdrivers__ethernet.a(phy_mii.c.obj)
 .text.monitor_work_handler
                0x0000000000017030      0x2ac zephyr/drivers/ethernet/libdrivers__ethernet.a(phy_mii.c.obj)
 .text.gpio_sam0_manage_callback
                0x00000000000172dc       0xa0 zephyr/drivers/gpio/libdrivers__gpio.a(gpio_sam0.c.obj)
 .text.gpio_sam0_pin_interrupt_configure
                0x000000000001737c       0xec zephyr/drivers/gpio/libdrivers__gpio.a(gpio_sam0.c.obj)
 .text.gpio_sam0_isr
                0x0000000000017468       0x58 zephyr/drivers/gpio/libdrivers__gpio.a(gpio_sam0.c.obj)
 .text.i2c_sam0_set_apply_bitrate.isra.0
                0x00000000000174c0       0x64 zephyr/drivers/i2c/libdrivers__i2c.a(i2c_sam0.c.obj)
 .text.i2c_sam0_transfer
                0x0000000000017524      0x134 zephyr/drivers/i2c/libdrivers__i2c.a(i2c_sam0.c.obj)
 .text.i2c_sam0_initialize
                0x0000000000017658      0x124 zephyr/drivers/i2c/libdrivers__i2c.a(i2c_sam0.c.obj)
 .text.z_log_msg_runtime_create.constprop.0
                0x000000000001777c       0x24 zephyr/drivers/mdio/libdrivers__mdio.a(mdio_sam.c.obj)
 .text.mdio_sam_initialize
                0x00000000000177a0       0x4c zephyr/drivers/mdio/libdrivers__mdio.a(mdio_sam.c.obj)
 .text.mdio_transfer
                0x00000000000177ec       0xb4 zephyr/drivers/mdio/libdrivers__mdio.a(mdio_sam.c.obj)
 .text.pinctrl_configure_pins
                0x00000000000178a0       0x7c zephyr/drivers/pinctrl/libdrivers__pinctrl.a(pinctrl_sam0.c.obj)
                0x00000000000178a0                pinctrl_configure_pins
 .text.elapsed  0x000000000001791c       0x4c zephyr/drivers/timer/libdrivers__timer.a(cortex_m_systick.c.obj)
 .text.sys_clock_driver_init
                0x0000000000017968       0x38 zephyr/drivers/timer/libdrivers__timer.a(cortex_m_systick.c.obj)
 .text.sys_clock_isr
                0x00000000000179a0       0x60 zephyr/drivers/timer/libdrivers__timer.a(cortex_m_systick.c.obj)
                0x00000000000179a0                sys_clock_isr
 .text.sys_clock_set_timeout
                0x0000000000017a00      0x164 zephyr/drivers/timer/libdrivers__timer.a(cortex_m_systick.c.obj)
                0x0000000000017a00                sys_clock_set_timeout
 .text.sys_clock_elapsed
                0x0000000000017b64       0xa4 zephyr/drivers/timer/libdrivers__timer.a(cortex_m_systick.c.obj)
                0x0000000000017b64                sys_clock_elapsed
 .text.sys_clock_cycle_get_32
                0x0000000000017c08       0x94 zephyr/drivers/timer/libdrivers__timer.a(cortex_m_systick.c.obj)
                0x0000000000017c08                sys_clock_cycle_get_32
 .text.z_device_state_init
                0x0000000000017c9c       0x44 zephyr/kernel/libkernel.a(device.c.obj)
                0x0000000000017c9c                z_device_state_init
 .text.k_sys_fatal_error_handler
                0x0000000000017ce0       0x2c zephyr/kernel/libkernel.a(fatal.c.obj)
                0x0000000000017ce0                k_sys_fatal_error_handler
 .text.z_fatal_error
                0x0000000000017d0c       0xfc zephyr/kernel/libkernel.a(fatal.c.obj)
                0x0000000000017d0c                z_fatal_error
 .text.z_sys_init_run_level
                0x0000000000017e08       0x30 zephyr/kernel/libkernel.a(init.c.obj)
 .text.bg_thread_main
                0x0000000000017e38      0x108 zephyr/kernel/libkernel.a(init.c.obj)
 .text.z_bss_zero
                0x0000000000017f40       0x18 zephyr/kernel/libkernel.a(init.c.obj)
                0x0000000000017f40                z_bss_zero
 .text.z_init_cpu
                0x0000000000017f58       0x8c zephyr/kernel/libkernel.a(init.c.obj)
                0x0000000000017f58                z_init_cpu
 .text.z_cstart
                0x0000000000017fe4       0xd0 zephyr/kernel/libkernel.a(init.c.obj)
                0x0000000000017fe4                z_cstart
 .text.statics_init
                0x00000000000180b4       0x50 zephyr/kernel/libkernel.a(kheap.c.obj)
 .text.k_heap_free
                0x0000000000018104       0xa8 zephyr/kernel/libkernel.a(kheap.c.obj)
                0x0000000000018104                k_heap_free
 .text.init_mem_slab_obj_core_list
                0x00000000000181ac       0x50 zephyr/kernel/libkernel.a(mem_slab.c.obj)
 .text.k_mem_slab_alloc
                0x00000000000181fc      0x118 zephyr/kernel/libkernel.a(mem_slab.c.obj)
                0x00000000000181fc                k_mem_slab_alloc
 .text.k_mem_slab_free
                0x0000000000018314      0x178 zephyr/kernel/libkernel.a(mem_slab.c.obj)
                0x0000000000018314                k_mem_slab_free
 .text.idle     0x000000000001848c       0x48 zephyr/kernel/libkernel.a(idle.c.obj)
                0x000000000001848c                idle
 .text.unpend_thread_no_timeout
                0x00000000000184d4       0x40 zephyr/kernel/libkernel.a(msg_q.c.obj)
 .text.z_impl_k_msgq_put
                0x0000000000018514      0x1b8 zephyr/kernel/libkernel.a(msg_q.c.obj)
                0x0000000000018514                z_impl_k_msgq_put
 .text.z_impl_k_msgq_get
                0x00000000000186cc      0x1c4 zephyr/kernel/libkernel.a(msg_q.c.obj)
                0x00000000000186cc                z_impl_k_msgq_get
 .text.z_impl_k_mutex_lock
                0x0000000000018890      0x1a0 zephyr/kernel/libkernel.a(mutex.c.obj)
                0x0000000000018890                z_impl_k_mutex_lock
 .text.z_impl_k_mutex_unlock
                0x0000000000018a30      0x1a0 zephyr/kernel/libkernel.a(mutex.c.obj)
                0x0000000000018a30                z_impl_k_mutex_unlock
 .text.unpend_thread_no_timeout
                0x0000000000018bd0       0x40 zephyr/kernel/libkernel.a(queue.c.obj)
 .text.queue_insert
                0x0000000000018c10      0x194 zephyr/kernel/libkernel.a(queue.c.obj)
 .text.z_impl_k_queue_cancel_wait
                0x0000000000018da4      0x110 zephyr/kernel/libkernel.a(queue.c.obj)
                0x0000000000018da4                z_impl_k_queue_cancel_wait
 .text.z_impl_k_queue_get
                0x0000000000018eb4       0xd4 zephyr/kernel/libkernel.a(queue.c.obj)
                0x0000000000018eb4                z_impl_k_queue_get
 .text.unpend_thread_no_timeout
                0x0000000000018f88       0x40 zephyr/kernel/libkernel.a(sem.c.obj)
 .text.z_impl_k_sem_give
                0x0000000000018fc8      0x108 zephyr/kernel/libkernel.a(sem.c.obj)
                0x0000000000018fc8                z_impl_k_sem_give
 .text.z_impl_k_sem_take
                0x00000000000190d0       0xf4 zephyr/kernel/libkernel.a(sem.c.obj)
                0x00000000000190d0                z_impl_k_sem_take
 .text.z_impl_k_sem_reset
                0x00000000000191c4      0x114 zephyr/kernel/libkernel.a(sem.c.obj)
                0x00000000000191c4                z_impl_k_sem_reset
 .text.work_queue_main
                0x00000000000192d8      0x208 zephyr/kernel/libkernel.a(work.c.obj)
 .text.cancel_sync_locked
                0x00000000000194e0       0x3c zephyr/kernel/libkernel.a(work.c.obj)
 .text.submit_to_queue_locked
                0x000000000001951c       0xdc zephyr/kernel/libkernel.a(work.c.obj)
 .text.work_timeout
                0x00000000000195f8       0xa8 zephyr/kernel/libkernel.a(work.c.obj)
 .text.k_work_init
                0x00000000000196a0       0x4c zephyr/kernel/libkernel.a(work.c.obj)
                0x00000000000196a0                k_work_init
 .text.z_work_submit_to_queue
                0x00000000000196ec       0xd4 zephyr/kernel/libkernel.a(work.c.obj)
                0x00000000000196ec                z_work_submit_to_queue
 .text.k_work_submit
                0x00000000000197c0        0xc zephyr/kernel/libkernel.a(work.c.obj)
                0x00000000000197c0                k_work_submit
 .text.k_work_queue_init
                0x00000000000197cc       0x34 zephyr/kernel/libkernel.a(work.c.obj)
                0x00000000000197cc                k_work_queue_init
 .text.k_work_queue_start
                0x0000000000019800       0xe0 zephyr/kernel/libkernel.a(work.c.obj)
                0x0000000000019800                k_work_queue_start
 .text.k_work_init_delayable
                0x00000000000198e0       0x58 zephyr/kernel/libkernel.a(work.c.obj)
                0x00000000000198e0                k_work_init_delayable
 .text.k_work_delayable_busy_get
                0x0000000000019938       0xb0 zephyr/kernel/libkernel.a(work.c.obj)
                0x0000000000019938                k_work_delayable_busy_get
 .text.k_work_schedule_for_queue
                0x00000000000199e8      0x108 zephyr/kernel/libkernel.a(work.c.obj)
                0x00000000000199e8                k_work_schedule_for_queue
 .text.k_work_schedule
                0x0000000000019af0        0xc zephyr/kernel/libkernel.a(work.c.obj)
                0x0000000000019af0                k_work_schedule
 .text.k_work_reschedule_for_queue
                0x0000000000019afc      0x104 zephyr/kernel/libkernel.a(work.c.obj)
                0x0000000000019afc                k_work_reschedule_for_queue
 .text.k_work_reschedule
                0x0000000000019c00        0xc zephyr/kernel/libkernel.a(work.c.obj)
                0x0000000000019c00                k_work_reschedule
 .text.k_work_cancel_delayable
                0x0000000000019c0c       0xb8 zephyr/kernel/libkernel.a(work.c.obj)
                0x0000000000019c0c                k_work_cancel_delayable
 .text.k_work_cancel_delayable_sync
                0x0000000000019cc4      0x130 zephyr/kernel/libkernel.a(work.c.obj)
                0x0000000000019cc4                k_work_cancel_delayable_sync
 .text.unpend_thread_no_timeout
                0x0000000000019df4       0x40 zephyr/kernel/libkernel.a(condvar.c.obj)
 .text.z_impl_k_condvar_signal
                0x0000000000019e34       0xf0 zephyr/kernel/libkernel.a(condvar.c.obj)
                0x0000000000019e34                z_impl_k_condvar_signal
 .text.z_impl_k_condvar_broadcast
                0x0000000000019f24      0x12c zephyr/kernel/libkernel.a(condvar.c.obj)
                0x0000000000019f24                z_impl_k_condvar_broadcast
 .text.z_impl_k_condvar_wait
                0x000000000001a050       0x84 zephyr/kernel/libkernel.a(condvar.c.obj)
                0x000000000001a050                z_impl_k_condvar_wait
 .text.z_impl_k_thread_name_set
                0x000000000001a0d4       0x20 zephyr/kernel/libkernel.a(thread.c.obj)
                0x000000000001a0d4                z_impl_k_thread_name_set
 .text.z_setup_new_thread
                0x000000000001a0f4      0x1c0 zephyr/kernel/libkernel.a(thread.c.obj)
                0x000000000001a0f4                z_setup_new_thread
 .text.z_impl_k_thread_create
                0x000000000001a2b4       0x8c zephyr/kernel/libkernel.a(thread.c.obj)
                0x000000000001a2b4                z_impl_k_thread_create
 .text.z_thread_mark_switched_in
                0x000000000001a340        0xc zephyr/kernel/libkernel.a(thread.c.obj)
                0x000000000001a340                z_thread_mark_switched_in
 .text.z_dummy_thread_init
                0x000000000001a34c       0x1c zephyr/kernel/libkernel.a(thread.c.obj)
                0x000000000001a34c                z_dummy_thread_init
 .text.z_swap_irqlock
                0x000000000001a368       0x34 zephyr/kernel/libkernel.a(sched.c.obj)
 .text.unready_thread
                0x000000000001a39c       0xa4 zephyr/kernel/libkernel.a(sched.c.obj)
 .text.unpend_thread_no_timeout
                0x000000000001a440       0x38 zephyr/kernel/libkernel.a(sched.c.obj)
 .text.ready_thread
                0x000000000001a478       0xd4 zephyr/kernel/libkernel.a(sched.c.obj)
 .text.move_thread_to_end_of_prio_q